Component: ARM Compiler 5.06 update 5 (build 528) Tool: armlink [4d35e2]

==============================================================================

Section Cross References

    mbed/TARGET_ARCH_PRO/TOOLCHAIN_ARM_STD/analogin_api.o(i.analogin_init) refers to mbed/TARGET_ARCH_PRO/TOOLCHAIN_ARM_STD/mbed.ar(mbed_pinmap_common.o)(i.pinmap_peripheral) for pinmap_peripheral
    mbed/TARGET_ARCH_PRO/TOOLCHAIN_ARM_STD/analogin_api.o(i.analogin_init) refers to mbed/TARGET_ARCH_PRO/TOOLCHAIN_ARM_STD/mbed.ar(mbed_assert.o)(i.mbed_assert_internal) for mbed_assert_internal
    mbed/TARGET_ARCH_PRO/TOOLCHAIN_ARM_STD/analogin_api.o(i.analogin_init) refers to mbed/TARGET_ARCH_PRO/TOOLCHAIN_ARM_STD/mbed.ar(mbed_pinmap_common.o)(i.pinmap_pinout) for pinmap_pinout
    mbed/TARGET_ARCH_PRO/TOOLCHAIN_ARM_STD/analogin_api.o(i.analogin_init) refers to mbed/TARGET_ARCH_PRO/TOOLCHAIN_ARM_STD/analogin_api.o(.constdata) for .constdata
    mbed/TARGET_ARCH_PRO/TOOLCHAIN_ARM_STD/analogin_api.o(i.analogin_init) refers to mbed/TARGET_ARCH_PRO/TOOLCHAIN_ARM_STD/analogin_api.o(.conststring) for .conststring
    mbed/TARGET_ARCH_PRO/TOOLCHAIN_ARM_STD/analogin_api.o(i.analogin_init) refers to mbed/TARGET_ARCH_PRO/TOOLCHAIN_ARM_STD/system_LPC17xx.o(.data) for SystemCoreClock
    mbed/TARGET_ARCH_PRO/TOOLCHAIN_ARM_STD/analogin_api.o(i.analogin_read) refers to C:\Keil_v5\ARM\ARMCC\Bin\..\lib\armlib\fz_ws.l(fflt_clz.o)(x$fpl$ffltu) for __aeabi_ui2f
    mbed/TARGET_ARCH_PRO/TOOLCHAIN_ARM_STD/analogin_api.o(i.analogin_read) refers to C:\Keil_v5\ARM\ARMCC\Bin\..\lib\armlib\fz_ws.l(fmul.o)(x$fpl$fmul) for __aeabi_fmul
    mbed/TARGET_ARCH_PRO/TOOLCHAIN_ARM_STD/analogout_api.o(i.analogout_init) refers to mbed/TARGET_ARCH_PRO/TOOLCHAIN_ARM_STD/mbed.ar(mbed_pinmap_common.o)(i.pinmap_peripheral) for pinmap_peripheral
    mbed/TARGET_ARCH_PRO/TOOLCHAIN_ARM_STD/analogout_api.o(i.analogout_init) refers to mbed/TARGET_ARCH_PRO/TOOLCHAIN_ARM_STD/mbed.ar(mbed_assert.o)(i.mbed_assert_internal) for mbed_assert_internal
    mbed/TARGET_ARCH_PRO/TOOLCHAIN_ARM_STD/analogout_api.o(i.analogout_init) refers to mbed/TARGET_ARCH_PRO/TOOLCHAIN_ARM_STD/mbed.ar(mbed_pinmap_common.o)(i.pinmap_pinout) for pinmap_pinout
    mbed/TARGET_ARCH_PRO/TOOLCHAIN_ARM_STD/analogout_api.o(i.analogout_init) refers to mbed/TARGET_ARCH_PRO/TOOLCHAIN_ARM_STD/analogout_api.o(.constdata) for .constdata
    mbed/TARGET_ARCH_PRO/TOOLCHAIN_ARM_STD/analogout_api.o(i.analogout_init) refers to mbed/TARGET_ARCH_PRO/TOOLCHAIN_ARM_STD/analogout_api.o(.conststring) for .conststring
    mbed/TARGET_ARCH_PRO/TOOLCHAIN_ARM_STD/analogout_api.o(i.analogout_read) refers to C:\Keil_v5\ARM\ARMCC\Bin\..\lib\armlib\fz_ws.l(fflt_clz.o)(x$fpl$ffltu) for __aeabi_ui2f
    mbed/TARGET_ARCH_PRO/TOOLCHAIN_ARM_STD/analogout_api.o(i.analogout_read) refers to C:\Keil_v5\ARM\ARMCC\Bin\..\lib\armlib\fz_ws.l(fmul.o)(x$fpl$fmul) for __aeabi_fmul
    mbed/TARGET_ARCH_PRO/TOOLCHAIN_ARM_STD/analogout_api.o(i.analogout_write) refers to C:\Keil_v5\ARM\ARMCC\Bin\..\lib\armlib\fz_ws.l(fmul.o)(x$fpl$fmul) for __aeabi_fmul
    mbed/TARGET_ARCH_PRO/TOOLCHAIN_ARM_STD/analogout_api.o(i.analogout_write) refers to C:\Keil_v5\ARM\ARMCC\Bin\..\lib\armlib\fz_ws.l(ffix.o)(x$fpl$ffix) for __aeabi_f2iz
    mbed/TARGET_ARCH_PRO/TOOLCHAIN_ARM_STD/can_api.o(i.can_frequency) refers to mbed/TARGET_ARCH_PRO/TOOLCHAIN_ARM_STD/system_LPC17xx.o(.data) for SystemCoreClock
    mbed/TARGET_ARCH_PRO/TOOLCHAIN_ARM_STD/can_api.o(i.can_frequency) refers to mbed/TARGET_ARCH_PRO/TOOLCHAIN_ARM_STD/can_api.o(.constdata) for .constdata
    mbed/TARGET_ARCH_PRO/TOOLCHAIN_ARM_STD/can_api.o(i.can_init) refers to mbed/TARGET_ARCH_PRO/TOOLCHAIN_ARM_STD/mbed.ar(mbed_pinmap_common.o)(i.pinmap_peripheral) for pinmap_peripheral
    mbed/TARGET_ARCH_PRO/TOOLCHAIN_ARM_STD/can_api.o(i.can_init) refers to mbed/TARGET_ARCH_PRO/TOOLCHAIN_ARM_STD/mbed.ar(mbed_pinmap_common.o)(i.pinmap_merge) for pinmap_merge
    mbed/TARGET_ARCH_PRO/TOOLCHAIN_ARM_STD/can_api.o(i.can_init) refers to mbed/TARGET_ARCH_PRO/TOOLCHAIN_ARM_STD/mbed.ar(mbed_assert.o)(i.mbed_assert_internal) for mbed_assert_internal
    mbed/TARGET_ARCH_PRO/TOOLCHAIN_ARM_STD/can_api.o(i.can_init) refers to mbed/TARGET_ARCH_PRO/TOOLCHAIN_ARM_STD/mbed.ar(mbed_pinmap_common.o)(i.pinmap_pinout) for pinmap_pinout
    mbed/TARGET_ARCH_PRO/TOOLCHAIN_ARM_STD/can_api.o(i.can_init) refers to mbed/TARGET_ARCH_PRO/TOOLCHAIN_ARM_STD/can_api.o(i.can_frequency) for can_frequency
    mbed/TARGET_ARCH_PRO/TOOLCHAIN_ARM_STD/can_api.o(i.can_init) refers to mbed/TARGET_ARCH_PRO/TOOLCHAIN_ARM_STD/can_api.o(.constdata) for .constdata
    mbed/TARGET_ARCH_PRO/TOOLCHAIN_ARM_STD/can_api.o(i.can_init) refers to mbed/TARGET_ARCH_PRO/TOOLCHAIN_ARM_STD/can_api.o(.conststring) for .conststring
    mbed/TARGET_ARCH_PRO/TOOLCHAIN_ARM_STD/can_api.o(i.can_init) refers to mbed/TARGET_ARCH_PRO/TOOLCHAIN_ARM_STD/can_api.o(i.can_init_freq) for i.can_init_freq
[...]
    void mbed::Callback<void()>::generate<void(*)()>(const T1&)::ops 0x00006cd8   Data          12  .\build\main.o(.constdata__ZZN4mbed8CallbackIFvvEE8generateIPS1_EEvRKT_E3ops)
    Region$$Table$$Base                      0x00007130   Number         0  anon$$obj.o(Region$$Table)
    Region$$Table$$Limit                     0x00007150   Number         0  anon$$obj.o(Region$$Table)
    __ctype                                  0x00007179   Data           0  C:\Keil_v5\ARM\ARMCC\Bin\..\lib\armlib\c_w.l(lc_ctype_c.o)(locale$$data)
    SHT$$INIT_ARRAY$$Base                    0x0000727c   Number         0  .\build\main.o(.init_array)
    SHT$$INIT_ARRAY$$Limit                   0x00007280   Number         0  C:\Keil_v5\ARM\ARMCC\Bin\..\lib\armlib\c_w.l(init_aeabi.o)(.init_array)
    stdio_uart_inited                        0x10000120   Data           4  mbed/TARGET_ARCH_PRO/TOOLCHAIN_ARM_STD/serial_api.o(.data)
    stdio_uart                               0x10000128   Data           8  mbed/TARGET_ARCH_PRO/TOOLCHAIN_ARM_STD/serial_api.o(.data)
    SystemCoreClock                          0x10000130   Data           4  mbed/TARGET_ARCH_PRO/TOOLCHAIN_ARM_STD/system_LPC17xx.o(.data)
    us_ticker_inited                         0x10000134   Data           4  mbed/TARGET_ARCH_PRO/TOOLCHAIN_ARM_STD/us_ticker.o(.data)
    g_distance                               0x10000138   Data           8  .\build\main.o(.data)
    temps                                    0x10000140   Data           4  .\build\main.o(.data)
    flag                                     0x10000144   Data           4  .\build\main.o(.data)
    it_capture                               0x10000148   Data           4  .\build\main.o(.data)
    ain                                      0x1000014c   Data           8  .\build\main.o(.data)
    mbed::AnalogIn::_mutex                   0x1000015c   Data           8  mbed/TARGET_ARCH_PRO/TOOLCHAIN_ARM_STD/mbed.ar(AnalogIn.o)(.data)
    mbed::I2C::_owner                        0x10000164   Data           4  mbed/TARGET_ARCH_PRO/TOOLCHAIN_ARM_STD/mbed.ar(I2C.o)(.data)
    mbed::I2C::_mutex                        0x10000168   Data           8  mbed/TARGET_ARCH_PRO/TOOLCHAIN_ARM_STD/mbed.ar(I2C.o)(.data)
    mbed::FileBase::_head                    0x10000184   Data           4  mbed/TARGET_ARCH_PRO/TOOLCHAIN_ARM_STD/mbed.ar(FileBase.o)(.data)
    mbed::FileBase::_mutex                   0x10000188   Data           8  mbed/TARGET_ARCH_PRO/TOOLCHAIN_ARM_STD/mbed.ar(FileBase.o)(.data)
    __aeabi_stdin                            0x10000190   Data           4  C:\Keil_v5\ARM\ARMCC\Bin\..\lib\armlib\c_w.l(stdio_streams.o)(.data)
    __aeabi_stdout                           0x10000194   Data           4  C:\Keil_v5\ARM\ARMCC\Bin\..\lib\armlib\c_w.l(stdio_streams.o)(.data)
    __aeabi_stderr                           0x10000198   Data           4  C:\Keil_v5\ARM\ARMCC\Bin\..\lib\armlib\c_w.l(stdio_streams.o)(.data)
    pc                                       0x100003a8   Data          76  .\build\main.o(.bss)
    i2c                                      0x100003f4   Data          12  .\build\main.o(.bss)
    buzzer                                   0x10000400   Data          24  .\build\main.o(.bss)
    led1                                     0x10000418   Data          24  .\build\main.o(.bss)
    led2                                     0x10000430   Data          24  .\build\main.o(.bss)
    led3                                     0x10000448   Data          24  .\build\main.o(.bss)
    led4                                     0x10000460   Data          24  .\build\main.o(.bss)
    clockclock                               0x10000478   Data          64  .\build\main.o(.bss)
    __stdin                                  0x100004fc   Data          84  C:\Keil_v5\ARM\ARMCC\Bin\..\lib\armlib\c_w.l(stdio_streams.o)(.bss)
    __stdout                                 0x10000550   Data          84  C:\Keil_v5\ARM\ARMCC\Bin\..\lib\armlib\c_w.l(stdio_streams.o)(.bss)
    __stderr                                 0x100005a4   Data          84  C:\Keil_v5\ARM\ARMCC\Bin\..\lib\armlib\c_w.l(stdio_streams.o)(.bss)
    Image$$RW_IRAM1$$ZI$$Limit               0x10000610   Number         0  anon$$obj.o ABSOLUTE



==============================================================================

Memory Map of the image

  Image Entry point : 0x00000301

  Load Region LR_IROM1 (Base: 0x00000000, Size: 0x00007358, Max: 0x00080000, ABSOLUTE)

    Execution Region ER_IROM0 (Exec base: 0x00000000, Load base: 0x00000000, Size: 0x000000c4, Max: 0x000002fc, ABSOLUTE)

    Exec Addr    Load Addr    Size         Type   Attr      Idx    E Section Name        Object

    0x00000000   0x00000000   0x000000c4   Data   RO          717    RESET               mbed/TARGET_ARCH_PRO/TOOLCHAIN_ARM_STD/startup_LPC17xx.o


    Execution Region ER_CRP (Exec base: 0x000002fc, Load base: 0x000002fc, Size: 0x00000004, Max: 0x00000004, ABSOLUTE, FIXED)

    Exec Addr    Load Addr    Size         Type   Attr      Idx    E Section Name        Object

    0x000002fc   0x000002fc   0x00000004   Data   RO           78    .CRPSection         mbed/TARGET_ARCH_PRO/TOOLCHAIN_ARM_STD/CRP.o


    Execution Region ER_IROM1 (Exec base: 0x00000300, Load base: 0x00000300, Size: 0x00006f80, Max: 0x0007fd00, ABSOLUTE, FIXED)

    Exec Addr    Load Addr    Size         Type   Attr      Idx    E Section Name        Object

    0x00000300   0x00000300   0x00000008   Code   RO         2320  * !!!main             C:\Keil_v5\ARM\ARMCC\Bin\..\lib\armlib\c_w.l(__main.o)
    0x00000308   0x00000308   0x00000034   Code   RO         3073    !!!scatter          C:\Keil_v5\ARM\ARMCC\Bin\..\lib\armlib\c_w.l(__scatter.o)
    0x0000033c   0x0000033c   0x0000001a   Code   RO         3075    !!handler_copy      C:\Keil_v5\ARM\ARMCC\Bin\..\lib\armlib\c_w.l(__scatter_copy.o)
    0x00000356   0x00000356   0x00000002   PAD
    0x00000358   0x00000358   0x0000001c   Code   RO         3077    !!handler_zi        C:\Keil_v5\ARM\ARMCC\Bin\..\lib\armlib\c_w.l(__scatter_zi.o)
    0x00000374   0x00000374   0x00000000   Code   RO         2265    .ARM.Collect$$_printf_percent$$00000000  C:\Keil_v5\ARM\ARMCC\Bin\..\lib\armlib\c_w.l(_printf_percent.o)
    0x00000374   0x00000374   0x00000006   Code   RO         2608    .ARM.Collect$$_printf_percent$$00000001  C:\Keil_v5\ARM\ARMCC\Bin\..\lib\armlib\c_w.l(_printf_n.o)
    0x0000037a   0x0000037a   0x00000006   Code   RO         2610    .ARM.Collect$$_printf_percent$$00000002  C:\Keil_v5\ARM\ARMCC\Bin\..\lib\armlib\c_w.l(_printf_p.o)
    0x00000380   0x00000380   0x00000006   Code   RO         2264    .ARM.Collect$$_printf_percent$$00000003  C:\Keil_v5\ARM\ARMCC\Bin\..\lib\armlib\c_w.l(_printf_f.o)
    0x00000386   0x00000386   0x00000006   Code   RO         2614    .ARM.Collect$$_printf_percent$$00000004  C:\Keil_v5\ARM\ARMCC\Bin\..\lib\armlib\c_w.l(_printf_e.o)
    0x0000038c   0x0000038c   0x00000006   Code   RO         2615    .ARM.Collect$$_printf_percent$$00000005  C:\Keil_v5\ARM\ARMCC\Bin\..\lib\armlib\c_w.l(_printf_g.o)
    0x00000392   0x00000392   0x00000006   Code   RO         2616    .ARM.Collect$$_printf_percent$$00000006  C:\Keil_v5\ARM\ARMCC\Bin\..\lib\armlib\c_w.l(_printf_a.o)
    0x00000398   0x00000398   0x0000000a   Code   RO         2621    .ARM.Collect$$_printf_percent$$00000007  C:\Keil_v5\ARM\ARMCC\Bin\..\lib\armlib\c_w.l(_printf_ll.o)
    0x000003a2   0x000003a2   0x00000006   Code   RO         2612    .ARM.Collect$$_printf_percent$$00000008  C:\Keil_v5\ARM\ARMCC\Bin\..\lib\armlib\c_w.l(_printf_i.o)
    0x000003a8   0x000003a8   0x00000006   Code   RO         2263    .ARM.Collect$$_printf_percent$$00000009  C:\Keil_v5\ARM\ARMCC\Bin\..\lib\armlib\c_w.l(_printf_d.o)
    0x000003ae   0x000003ae   0x00000006   Code   RO         2613    .ARM.Collect$$_printf_percent$$0000000A  C:\Keil_v5\ARM\ARMCC\Bin\..\lib\armlib\c_w.l(_printf_u.o)
    0x000003b4   0x000003b4   0x00000006   Code   RO         2611    .ARM.Collect$$_printf_percent$$0000000B  C:\Keil_v5\ARM\ARMCC\Bin\..\lib\armlib\c_w.l(_printf_o.o)
    0x000003ba   0x000003ba   0x00000006   Code   RO         2609    .ARM.Collect$$_printf_percent$$0000000C  C:\Keil_v5\ARM\ARMCC\Bin\..\lib\armlib\c_w.l(_printf_x.o)
    0x000003c0   0x000003c0   0x00000006   Code   RO         2618    .ARM.Collect$$_printf_percent$$0000000D  C:\Keil_v5\ARM\ARMCC\Bin\..\lib\armlib\c_w.l(_printf_lli.o)
    0x000003c6   0x000003c6   0x00000006   Code   RO         2619    .ARM.Collect$$_printf_percent$$0000000E  C:\Keil_v5\ARM\ARMCC\Bin\..\lib\armlib\c_w.l(_printf_lld.o)
    0x000003cc   0x000003cc   0x00000006   Code   RO         2620    .ARM.Collect$$_printf_percent$$0000000F  C:\Keil_v5\ARM\ARMCC\Bin\..\lib\armlib\c_w.l(_printf_llu.o)
    0x000003d2   0x000003d2   0x00000006   Code   RO         2625    .ARM.Collect$$_printf_percent$$00000010  C:\Keil_v5\ARM\ARMCC\Bin\..\lib\armlib\c_w.l(_printf_llo.o)
    0x000003d8   0x000003d8   0x00000006   Code   RO         2626    .ARM.Collect$$_printf_percent$$00000011  C:\Keil_v5\ARM\ARMCC\Bin\..\lib\armlib\c_w.l(_printf_llx.o)
    0x000003de   0x000003de   0x0000000a   Code   RO         2622    .ARM.Collect$$_printf_percent$$00000012  C:\Keil_v5\ARM\ARMCC\Bin\..\lib\armlib\c_w.l(_printf_l.o)
    0x000003e8   0x000003e8   0x00000006   Code   RO         2606    .ARM.Collect$$_printf_percent$$00000013  C:\Keil_v5\ARM\ARMCC\Bin\..\lib\armlib\c_w.l(_printf_c.o)
    0x000003ee   0x000003ee   0x00000006   Code   RO         2607    .ARM.Collect$$_printf_percent$$00000014  C:\Keil_v5\ARM\ARMCC\Bin\..\lib\armlib\c_w.l(_printf_s.o)
    0x000003f4   0x000003f4   0x00000006   Code   RO         2623    .ARM.Collect$$_printf_percent$$00000015  C:\Keil_v5\ARM\ARMCC\Bin\..\lib\armlib\c_w.l(_printf_lc.o)
    0x000003fa   0x000003fa   0x00000006   Code   RO         2624    .ARM.Collect$$_printf_percent$$00000016  C:\Keil_v5\ARM\ARMCC\Bin\..\lib\armlib\c_w.l(_printf_ls.o)
    0x00000400   0x00000400   0x00000004   Code   RO         2617    .ARM.Collect$$_printf_percent$$00000017  C:\Keil_v5\ARM\ARMCC\Bin\..\lib\armlib\c_w.l(_printf_percent_end.o)
    0x00000404   0x00000404   0x00000002   Code   RO         2989    .ARM.Collect$$libinit$$00000000  C:\Keil_v5\ARM\ARMCC\Bin\..\lib\armlib\c_w.l(libinit.o)
    0x00000406   0x00000406   0x00000000   Code   RO         2669    .ARM.Collect$$libinit$$00000002  C:\Keil_v5\ARM\ARMCC\Bin\..\lib\armlib\c_w.l(libinit2.o)
    0x00000406   0x00000406   0x00000000   Code   RO         2671    .ARM.Collect$$libinit$$00000004  C:\Keil_v5\ARM\ARMCC\Bin\..\lib\armlib\c_w.l(libinit2.o)
    0x00000406   0x00000406   0x00000008   Code   RO         2672    .ARM.Collect$$libinit$$00000005  C:\Keil_v5\ARM\ARMCC\Bin\..\lib\armlib\c_w.l(libinit2.o)
    0x0000040e   0x0000040e   0x00000000   Code   RO         2674    .ARM.Collect$$libinit$$0000000A  C:\Keil_v5\ARM\ARMCC\Bin\..\lib\armlib\c_w.l(libinit2.o)
    0x0000040e   0x0000040e   0x00000000   Code   RO         2676    .ARM.Collect$$libinit$$0000000C  C:\Keil_v5\ARM\ARMCC\Bin\..\lib\armlib\c_w.l(libinit2.o)
    0x0000040e   0x0000040e   0x00000000   Code   RO         2678    .ARM.Collect$$libinit$$0000000E  C:\Keil_v5\ARM\ARMCC\Bin\..\lib\armlib\c_w.l(libinit2.o)
    0x0000040e   0x0000040e   0x00000006   Code   RO         2679    .ARM.Collect$$libinit$$0000000F  C:\Keil_v5\ARM\ARMCC\Bin\..\lib\armlib\c_w.l(libinit2.o)
    0x00000414   0x00000414   0x00000000   Code   RO         2681    .ARM.Collect$$libinit$$00000011  C:\Keil_v5\ARM\ARMCC\Bin\..\lib\armlib\c_w.l(libinit2.o)
    0x00000414   0x00000414   0x0000000c   Code   RO         2682    .ARM.Collect$$libinit$$00000012  C:\Keil_v5\ARM\ARMCC\Bin\..\lib\armlib\c_w.l(libinit2.o)
    0x00000420   0x00000420   0x00000000   Code   RO         2683    .ARM.Collect$$libinit$$00000013  C:\Keil_v5\ARM\ARMCC\Bin\..\lib\armlib\c_w.l(libinit2.o)
    0x00000420   0x00000420   0x00000000   Code   RO         2685    .ARM.Collect$$libinit$$00000015  C:\Keil_v5\ARM\ARMCC\Bin\..\lib\armlib\c_w.l(libinit2.o)
    0x00000420   0x00000420   0x0000000a   Code   RO         2686    .ARM.Collect$$libinit$$00000016  C:\Keil_v5\ARM\ARMCC\Bin\..\lib\armlib\c_w.l(libinit2.o)
    0x0000042a   0x0000042a   0x00000000   Code   RO         2687    .ARM.Collect$$libinit$$00000017  C:\Keil_v5\ARM\ARMCC\Bin\..\lib\armlib\c_w.l(libinit2.o)
    0x0000042a   0x0000042a   0x00000000   Code   RO         2689    .ARM.Collect$$libinit$$00000019  C:\Keil_v5\ARM\ARMCC\Bin\..\lib\armlib\c_w.l(libinit2.o)
    0x0000042a   0x0000042a   0x00000000   Code   RO         2691    .ARM.Collect$$libinit$$0000001B  C:\Keil_v5\ARM\ARMCC\Bin\..\lib\armlib\c_w.l(libinit2.o)
    0x0000042a   0x0000042a   0x00000000   Code   RO         2693    .ARM.Collect$$libinit$$0000001D  C:\Keil_v5\ARM\ARMCC\Bin\..\lib\armlib\c_w.l(libinit2.o)
    0x0000042a   0x0000042a   0x00000000   Code   RO         2695    .ARM.Collect$$libinit$$0000001F  C:\Keil_v5\ARM\ARMCC\Bin\..\lib\armlib\c_w.l(libinit2.o)
    0x0000042a   0x0000042a   0x00000000   Code   RO         2697    .ARM.Collect$$libinit$$00000021  C:\Keil_v5\ARM\ARMCC\Bin\..\lib\armlib\c_w.l(libinit2.o)
    0x0000042a   0x0000042a   0x00000000   Code   RO         2699    .ARM.Collect$$libinit$$00000023  C:\Keil_v5\ARM\ARMCC\Bin\..\lib\armlib\c_w.l(libinit2.o)
    0x0000042a   0x0000042a   0x00000004   Code   RO         2700    .ARM.Collect$$libinit$$00000024  C:\Keil_v5\ARM\ARMCC\Bin\..\lib\armlib\c_w.l(libinit2.o)
    0x0000042e   0x0000042e   0x00000000   Code   RO         2701    .ARM.Collect$$libinit$$00000025  C:\Keil_v5\ARM\ARMCC\Bin\..\lib\armlib\c_w.l(libinit2.o)
    0x0000042e   0x0000042e   0x00000000   Code   RO         2705    .ARM.Collect$$libinit$$0000002C  C:\Keil_v5\ARM\ARMCC\Bin\..\lib\armlib\c_w.l(libinit2.o)
    0x0000042e   0x0000042e   0x00000000   Code   RO         2707    .ARM.Collect$$libinit$$0000002E  C:\Keil_v5\ARM\ARMCC\Bin\..\lib\armlib\c_w.l(libinit2.o)
    0x0000042e   0x0000042e   0x00000000   Code   RO         2709    .ARM.Collect$$libinit$$00000030  C:\Keil_v5\ARM\ARMCC\Bin\..\lib\armlib\c_w.l(libinit2.o)
    0x0000042e   0x0000042e   0x00000004   Code   RO         2710    .ARM.Collect$$libinit$$00000031  C:\Keil_v5\ARM\ARMCC\Bin\..\lib\armlib\c_w.l(libinit2.o)
    0x00000432   0x00000432   0x00000000   Code   RO         2711    .ARM.Collect$$libinit$$00000032  C:\Keil_v5\ARM\ARMCC\Bin\..\lib\armlib\c_w.l(libinit2.o)
    0x00000432   0x00000432   0x00000002   Code   RO         2712    .ARM.Collect$$libinit$$00000033  C:\Keil_v5\ARM\ARMCC\Bin\..\lib\armlib\c_w.l(libinit2.o)
    0x00000434   0x00000434   0x00000000   Code   RO         2914    .ARM.Collect$$libshutdown$$00000004  C:\Keil_v5\ARM\ARMCC\Bin\..\lib\armlib\c_w.l(libshutdown2.o)
    0x00000434   0x00000434   0x00000000   Code   RO         2522    .ARM.Collect$$rtentry$$00000000  C:\Keil_v5\ARM\ARMCC\Bin\..\lib\armlib\c_w.l(__rtentry.o)
    0x00000434   0x00000434   0x00000000   Code   RO         2776    .ARM.Collect$$rtentry$$00000002  C:\Keil_v5\ARM\ARMCC\Bin\..\lib\armlib\c_w.l(__rtentry2.o)
    0x00000434   0x00000434   0x00000006   Code   RO         2788    .ARM.Collect$$rtentry$$00000004  C:\Keil_v5\ARM\ARMCC\Bin\..\lib\armlib\c_w.l(__rtentry4.o)
    0x0000043a   0x0000043a   0x00000008   Code   RO         2777    .ARM.Collect$$rtentry$$00000008  C:\Keil_v5\ARM\ARMCC\Bin\..\lib\armlib\c_w.l(__rtentry2.o)
    0x00000442   0x00000442   0x00000004   Code   RO         2779    .ARM.Collect$$rtentry$$0000000A  C:\Keil_v5\ARM\ARMCC\Bin\..\lib\armlib\c_w.l(__rtentry2.o)
    0x00000446   0x00000446   0x00000000   Code   RO         2781    .ARM.Collect$$rtentry$$0000000C  C:\Keil_v5\ARM\ARMCC\Bin\..\lib\armlib\c_w.l(__rtentry2.o)
    0x00000446   0x00000446   0x00000008   Code   RO         2782    .ARM.Collect$$rtentry$$0000000D  C:\Keil_v5\ARM\ARMCC\Bin\..\lib\armlib\c_w.l(__rtentry2.o)
    0x0000044e   0x0000044e   0x00000002   PAD
    0x00000450   0x00000450   0x00000000   Code   RO         2801    .emb_text           C:\Keil_v5\ARM\ARMCC\Bin\..\lib\armlib\c_w.l(maybetermalloc1.o)
    0x00000450   0x00000450   0x00000024   Code   RO          718    .text               mbed/TARGET_ARCH_PRO/TOOLCHAIN_ARM_STD/startup_LPC17xx.o
    0x00000474   0x00000474   0x00000008   Code   RO         2160    .text               C:\Keil_v5\ARM\ARMCC\Bin\..\lib\armlib\c_w.l(rt_errno_addr.o)
    0x0000047c   0x0000047c   0x0000005e   Code   RO         2169    .text               C:\Keil_v5\ARM\ARMCC\Bin\..\lib\armlib\c_w.l(h1_alloc.o)
    0x000004da   0x000004da   0x0000004e   Code   RO         2171    .text               C:\Keil_v5\ARM\ARMCC\Bin\..\lib\armlib\c_w.l(h1_free.o)
    0x00000528   0x00000528   0x000000ee   Code   RO         2227    .text               C:\Keil_v5\ARM\ARMCC\Bin\..\lib\armlib\c_w.l(lludivv7m.o)
    0x00000616   0x00000616   0x00000026   Code   RO         2229    .text               C:\Keil_v5\ARM\ARMCC\Bin\..\lib\armlib\c_w.l(llshl.o)
    0x0000063c   0x0000063c   0x00000034   Code   RO         2231    .text               C:\Keil_v5\ARM\ARMCC\Bin\..\lib\armlib\c_w.l(vsnprintf.o)
    0x00000670   0x00000670   0x0000002c   Code   RO         2235    .text               C:\Keil_v5\ARM\ARMCC\Bin\..\lib\armlib\c_w.l(__2sprintf.o)
    0x0000069c   0x0000069c   0x00000078   Code   RO         2241    .text               C:\Keil_v5\ARM\ARMCC\Bin\..\lib\armlib\c_w.l(_printf_dec.o)
    0x00000714   0x00000714   0x00000188   Code   RO         2260    .text               C:\Keil_v5\ARM\ARMCC\Bin\..\lib\armlib\c_w.l(__printf_flags_ss_wp.o)
    0x0000089c   0x0000089c   0x00000064   Code   RO         2268    .text               C:\Keil_v5\ARM\ARMCC\Bin\..\lib\armlib\c_w.l(fflush.o)
    0x00000900   0x00000900   0x000000ec   Code   RO         2282    .text               C:\Keil_v5\ARM\ARMCC\Bin\..\lib\armlib\c_w.l(fopen.o)
    0x000009ec   0x000009ec   0x00000014   Code   RO         2284    .text               C:\Keil_v5\ARM\ARMCC\Bin\..\lib\armlib\c_w.l(setbuf.o)
    0x00000a00   0x00000a00   0x0000004c   Code   RO         2292    .text               C:\Keil_v5\ARM\ARMCC\Bin\..\lib\armlib\c_w.l(fclose.o)
    0x00000a4c   0x00000a4c   0x0000001c   Code   RO         2304    .text               C:\Keil_v5\ARM\ARMCC\Bin\..\lib\armlib\c_w.l(strspn.o)
    0x00000a68   0x00000a68   0x0000003e   Code   RO         2306    .text               C:\Keil_v5\ARM\ARMCC\Bin\..\lib\armlib\c_w.l(strlen.o)
    0x00000aa6   0x00000aa6   0x00000096   Code   RO         2308    .text               C:\Keil_v5\ARM\ARMCC\Bin\..\lib\armlib\c_w.l(strncmp.o)
    0x00000b3c   0x00000b3c   0x00000064   Code   RO         2312    .text               C:\Keil_v5\ARM\ARMCC\Bin\..\lib\armlib\c_w.l(rt_memcpy_w.o)
    0x00000ba0   0x00000ba0   0x0000004e   Code   RO         2316    .text               C:\Keil_v5\ARM\ARMCC\Bin\..\lib\armlib\c_w.l(rt_memclr_w.o)
    0x00000bee   0x00000bee   0x00000002   PAD
    0x00000bf0   0x00000bf0   0x00000080   Code   RO         2318    .text               C:\Keil_v5\ARM\ARMCC\Bin\..\lib\armlib\c_w.l(strcmpv7m.o)
    0x00000c70   0x00000c70   0x00000024   Code   RO         2325    .text               C:\Keil_v5\ARM\ARMCC\Bin\..\lib\armlib\c_w.l(init_aeabi.o)
    0x00000c94   0x00000c94   0x00000022   Code   RO         2440    .text               C:\Keil_v5\ARM\ARMCC\Bin\..\lib\cpplib\cpprt_w.l(aeabi_vec_dtor_noexceptions.o)
    0x00000cb6   0x00000cb6   0x00000002   PAD
    0x00000cb8   0x00000cb8   0x00000008   Code   RO         2527    .text               C:\Keil_v5\ARM\ARMCC\Bin\..\lib\armlib\c_w.l(rt_heap_descriptor.o)
    0x00000cc0   0x00000cc0   0x00000004   Code   RO         2532    .text               C:\Keil_v5\ARM\ARMCC\Bin\..\lib\armlib\c_w.l(hguard.o)
    0x00000cc4   0x00000cc4   0x0000008a   Code   RO         2534    .text               C:\Keil_v5\ARM\ARMCC\Bin\..\lib\armlib\c_w.l(init_alloc.o)
    0x00000d4e   0x00000d4e   0x0000000e   Code   RO         2538    .text               C:\Keil_v5\ARM\ARMCC\Bin\..\lib\armlib\c_w.l(h1_init.o)
    0x00000d5c   0x00000d5c   0x00000016   Code   RO         2552    .text               C:\Keil_v5\ARM\ARMCC\Bin\..\lib\armlib\c_w.l(_rserrno.o)
    0x00000d72   0x00000d72   0x0000004e   Code   RO         2554    .text               C:\Keil_v5\ARM\ARMCC\Bin\..\lib\armlib\c_w.l(_printf_pad.o)
    0x00000dc0   0x00000dc0   0x00000024   Code   RO         2556    .text               C:\Keil_v5\ARM\ARMCC\Bin\..\lib\armlib\c_w.l(_printf_truncate.o)
    0x00000de4   0x00000de4   0x00000052   Code   RO         2558    .text               C:\Keil_v5\ARM\ARMCC\Bin\..\lib\armlib\c_w.l(_printf_str.o)
    0x00000e36   0x00000e36   0x000000b2   Code   RO         2560    .text               C:\Keil_v5\ARM\ARMCC\Bin\..\lib\armlib\c_w.l(_printf_intcommon.o)
    0x00000ee8   0x00000ee8   0x00000028   Code   RO         2562    .text               C:\Keil_v5\ARM\ARMCC\Bin\..\lib\armlib\c_w.l(_printf_charcount.o)
    0x00000f10   0x00000f10   0x0000041e   Code   RO         2564    .text               C:\Keil_v5\ARM\ARMCC\Bin\..\lib\armlib\c_w.l(_printf_fp_dec.o)
    0x0000132e   0x0000132e   0x00000002   PAD
    0x00001330   0x00001330   0x00000030   Code   RO         2566    .text               C:\Keil_v5\ARM\ARMCC\Bin\..\lib\armlib\c_w.l(_printf_char_common.o)
    0x00001360   0x00001360   0x0000000a   Code   RO         2568    .text               C:\Keil_v5\ARM\ARMCC\Bin\..\lib\armlib\c_w.l(_sputc.o)
    0x0000136a   0x0000136a   0x00000010   Code   RO         2570    .text               C:\Keil_v5\ARM\ARMCC\Bin\..\lib\armlib\c_w.l(_snputc.o)
    0x0000137a   0x0000137a   0x00000002   PAD
    0x0000137c   0x0000137c   0x000000bc   Code   RO         2574    .text               C:\Keil_v5\ARM\ARMCC\Bin\..\lib\armlib\c_w.l(_printf_wctomb.o)
    0x00001438   0x00001438   0x0000007c   Code   RO         2577    .text               C:\Keil_v5\ARM\ARMCC\Bin\..\lib\armlib\c_w.l(_printf_longlong_dec.o)
    0x000014b4   0x000014b4   0x00000070   Code   RO         2583    .text               C:\Keil_v5\ARM\ARMCC\Bin\..\lib\armlib\c_w.l(_printf_oct_int_ll.o)
    0x00001524   0x00001524   0x00000094   Code   RO         2603    .text               C:\Keil_v5\ARM\ARMCC\Bin\..\lib\armlib\c_w.l(_printf_hex_int_ll_ptr.o)
    0x000015b8   0x000015b8   0x000000f8   Code   RO         2647    .text               C:\Keil_v5\ARM\ARMCC\Bin\..\lib\armlib\c_w.l(fseek.o)
    0x000016b0   0x000016b0   0x00000046   Code   RO         2649    .text               C:\Keil_v5\ARM\ARMCC\Bin\..\lib\armlib\c_w.l(setvbuf.o)
    0x000016f6   0x000016f6   0x00000002   PAD
    0x000016f8   0x000016f8   0x000000f0   Code   RO         2651    .text               C:\Keil_v5\ARM\ARMCC\Bin\..\lib\armlib\c_w.l(stdio.o)
    0x000017e8   0x000017e8   0x00000138   Code   RO         2654    .text               C:\Keil_v5\ARM\ARMCC\Bin\..\lib\armlib\c_w.l(initio.o)
    0x00001920   0x00001920   0x0000000e   Code   RO         2662    .text               C:\Keil_v5\ARM\ARMCC\Bin\..\lib\armlib\c_w.l(defsig_pvfn_outer.o)
    0x0000192e   0x0000192e   0x00000002   PAD
    0x00001930   0x00001930   0x00000008   Code   RO         2794    .text               C:\Keil_v5\ARM\ARMCC\Bin\..\lib\armlib\c_w.l(rt_locale.o)
    0x00001938   0x00001938   0x00000034   Code   RO         2803    .text               C:\Keil_v5\ARM\ARMCC\Bin\..\lib\armlib\c_w.l(h1_extend.o)
    0x0000196c   0x0000196c   0x0000008a   Code   RO         2807    .text               C:\Keil_v5\ARM\ARMCC\Bin\..\lib\armlib\c_w.l(lludiv10.o)
    0x000019f6   0x000019f6   0x00000002   PAD
    0x000019f8   0x000019f8   0x000002fc   Code   RO         2809    .text               C:\Keil_v5\ARM\ARMCC\Bin\..\lib\armlib\c_w.l(_printf_fp_hex.o)
    0x00001cf4   0x00001cf4   0x00000080   Code   RO         2812    .text               C:\Keil_v5\ARM\ARMCC\Bin\..\lib\armlib\c_w.l(_printf_fp_infnan.o)
    0x00001d74   0x00001d74   0x0000002c   Code   RO         2816    .text               C:\Keil_v5\ARM\ARMCC\Bin\..\lib\armlib\c_w.l(_printf_char.o)
    0x00001da0   0x00001da0   0x0000002c   Code   RO         2820    .text               C:\Keil_v5\ARM\ARMCC\Bin\..\lib\armlib\c_w.l(_printf_wchar.o)
    0x00001dcc   0x00001dcc   0x000000e4   Code   RO         2832    .text               C:\Keil_v5\ARM\ARMCC\Bin\..\lib\armlib\c_w.l(bigflt0.o)
    0x00001eb0   0x00001eb0   0x00000042   Code   RO         2859    .text               C:\Keil_v5\ARM\ARMCC\Bin\..\lib\armlib\c_w.l(ftell.o)
    0x00001ef2   0x00001ef2   0x00000040   Code   RO         2885    .text               C:\Keil_v5\ARM\ARMCC\Bin\..\lib\armlib\c_w.l(_wcrtomb.o)
    0x00001f32   0x00001f32   0x0000000a   Code   RO         2890    .text               C:\Keil_v5\ARM\ARMCC\Bin\..\lib\armlib\c_w.l(defsig_exit.o)
    0x00001f3c   0x00001f3c   0x0000000e   Code   RO         2892    .text               C:\Keil_v5\ARM\ARMCC\Bin\..\lib\armlib\c_w.l(defsig_rtred_outer.o)
    0x00001f4a   0x00001f4a   0x0000000e   Code   RO         2896    .text               C:\Keil_v5\ARM\ARMCC\Bin\..\lib\armlib\c_w.l(defsig_rtmem_outer.o)
    0x00001f58   0x00001f58   0x00000030   Code   RO         2900    .text               C:\Keil_v5\ARM\ARMCC\Bin\..\lib\armlib\c_w.l(defsig_pvfn_inner.o)
    0x00001f88   0x00001f88   0x00000050   Code   RO         2904    .text               C:\Keil_v5\ARM\ARMCC\Bin\..\lib\armlib\c_w.l(heapauxa.o)
    0x00001fd8   0x00001fd8   0x0000000c   Code   RO         2951    .text               C:\Keil_v5\ARM\ARMCC\Bin\..\lib\armlib\c_w.l(sys_exit.o)
    0x00001fe4   0x00001fe4   0x00000010   Code   RO         2953    .text               C:\Keil_v5\ARM\ARMCC\Bin\..\lib\armlib\c_w.l(rt_ctype_table.o)
    0x00001ff4   0x00001ff4   0x00000032   Code   RO         2972    .text               C:\Keil_v5\ARM\ARMCC\Bin\..\lib\armlib\c_w.l(defsig_general.o)
    0x00002026   0x00002026   0x00000002   PAD
    0x00002028   0x00002028   0x00000034   Code   RO         2978    .text               C:\Keil_v5\ARM\ARMCC\Bin\..\lib\armlib\c_w.l(defsig_rtred_inner.o)
    0x0000205c   0x0000205c   0x00000050   Code   RO         2980    .text               C:\Keil_v5\ARM\ARMCC\Bin\..\lib\armlib\c_w.l(defsig_rtmem_inner.o)
    0x000020ac   0x000020ac   0x0000000e   Code   RO         3018    .text               C:\Keil_v5\ARM\ARMCC\Bin\..\lib\armlib\c_w.l(sys_wrch.o)
    0x000020ba   0x000020ba   0x00000002   Code   RO         3020    .text               C:\Keil_v5\ARM\ARMCC\Bin\..\lib\armlib\c_w.l(use_no_semi.o)
    0x000020bc   0x000020bc   0x00000000   Code   RO         3022    .text               C:\Keil_v5\ARM\ARMCC\Bin\..\lib\armlib\c_w.l(indicate_semi.o)
    0x000020bc   0x000020bc   0x0000003e   Code   RO         2835    CL$$btod_d2e        C:\Keil_v5\ARM\ARMCC\Bin\..\lib\armlib\c_w.l(btod.o)
    0x000020fa   0x000020fa   0x00000046   Code   RO         2837    CL$$btod_d2e_denorm_low  C:\Keil_v5\ARM\ARMCC\Bin\..\lib\armlib\c_w.l(btod.o)
    0x00002140   0x00002140   0x00000060   Code   RO         2836    CL$$btod_d2e_norm_op1  C:\Keil_v5\ARM\ARMCC\Bin\..\lib\armlib\c_w.l(btod.o)
    0x000021a0   0x000021a0   0x00000338   Code   RO         2845    CL$$btod_div_common  C:\Keil_v5\ARM\ARMCC\Bin\..\lib\armlib\c_w.l(btod.o)
    0x000024d8   0x000024d8   0x000000dc   Code   RO         2842    CL$$btod_e2e        C:\Keil_v5\ARM\ARMCC\Bin\..\lib\armlib\c_w.l(btod.o)
    0x000025b4   0x000025b4   0x0000002a   Code   RO         2839    CL$$btod_ediv       C:\Keil_v5\ARM\ARMCC\Bin\..\lib\armlib\c_w.l(btod.o)
    0x000025de   0x000025de   0x0000002a   Code   RO         2838    CL$$btod_emul       C:\Keil_v5\ARM\ARMCC\Bin\..\lib\armlib\c_w.l(btod.o)
    0x00002608   0x00002608   0x00000244   Code   RO         2844    CL$$btod_mult_common  C:\Keil_v5\ARM\ARMCC\Bin\..\lib\armlib\c_w.l(btod.o)
    0x0000284c   0x0000284c   0x0000000e   Code   RO          538    i.$Sub$$main        mbed/TARGET_ARCH_PRO/TOOLCHAIN_ARM_STD/mbed_sdk_boot.o
    0x0000285a   0x0000285a   0x0000000c   Code   RO         1692    i.<Func1>           mbed/TARGET_ARCH_PRO/TOOLCHAIN_ARM_STD/mbed.ar(SerialBase.o)
    0x00002866   0x00002866   0x00000002   PAD
    0x00002868   0x00002868   0x000000a0   Code   RO          724    i.SystemInit        mbed/TARGET_ARCH_PRO/TOOLCHAIN_ARM_STD/system_LPC17xx.o
    0x00002908   0x00002908   0x00000098   Code   RO          753    i.TIMER2_IRQHandler  .\build\main.o
    0x000029a0   0x000029a0   0x000000f8   Code   RO          756    i._Z18measureTemperaturev  .\build\main.o
    0x00002a98   0x00002a98   0x000000ac   Code   RO          223    i._Z18reserve_filehandlev  mbed/TARGET_ARCH_PRO/TOOLCHAIN_ARM_STD/mbed_retarget.o
    0x00002b44   0x00002b44   0x000000d8   Code   RO          759    i._Z6setRGBiii      .\build\main.o
    0x00002c1c   0x00002c1c   0x00000064   Code   RO          760    i._Z7Counterv       .\build\main.o
    0x00002c80   0x00002c80   0x000000b0   Code   RO          224    i._Z7get_fhci       mbed/TARGET_ARCH_PRO/TOOLCHAIN_ARM_STD/mbed_retarget.o
    0x00002d30   0x00002d30   0x00000064   Code   RO          762    i._Z8AfficheriPKc   .\build\main.o
    0x00002d94   0x00002d94   0x00000094   Code   RO          763    i._Z8init_LCDv      .\build\main.o
    0x00002e28   0x00002e28   0x00000044   Code   RO          764    i._Z9init_GPIOv     .\build\main.o
    0x00002e6c   0x00002e6c   0x00000006   Code   RO          469    i._ZN12DirectSerial4seekEli  mbed/TARGET_ARCH_PRO/TOOLCHAIN_ARM_STD/mbed_retarget.o
    0x00002e72   0x00002e72   0x00000006   Code   RO          472    i._ZN12DirectSerial4sizeEv  mbed/TARGET_ARCH_PRO/TOOLCHAIN_ARM_STD/mbed_retarget.o
    0x00002e78   0x00002e78   0x00000004   Code   RO          478    i._ZN12DirectSerial5closeEv  mbed/TARGET_ARCH_PRO/TOOLCHAIN_ARM_STD/mbed_retarget.o
    0x00002e7c   0x00002e7c   0x00000024   Code   RO          226    i._ZN12DirectSerial5writeEPKvj  mbed/TARGET_ARCH_PRO/TOOLCHAIN_ARM_STD/mbed_retarget.o
    0x00002ea0   0x00002ea0   0x00000004   Code   RO          475    i._ZN12DirectSerial6isattyEv  mbed/TARGET_ARCH_PRO/TOOLCHAIN_ARM_STD/mbed_retarget.o
    0x00002ea4   0x00002ea4   0x00000002   Code   RO          463    i._ZN12DirectSerialD1Ev  mbed/TARGET_ARCH_PRO/TOOLCHAIN_ARM_STD/mbed_retarget.o
    0x00002ea6   0x00002ea6   0x0000001a   Code   RO          913    i._ZN4mbed10DigitalOutC1E7PinName  .\build\main.o
    0x00002ec0   0x00002ec0   0x00000034   Code   RO         1933    i._ZN4mbed10FileHandle4sizeEv  mbed/TARGET_ARCH_PRO/TOOLCHAIN_ARM_STD/mbed.ar(FileHandle.o)
    0x00002ef4   0x00002ef4   0x00000004   Code   RO         1948    i._ZN4mbed10FileHandle6isattyEv  mbed/TARGET_ARCH_PRO/TOOLCHAIN_ARM_STD/mbed.ar(FileHandle.o)
    0x00002ef8   0x00002ef8   0x0000000e   Code   RO         1694    i._ZN4mbed10SerialBase10_base_putcEi  mbed/TARGET_ARCH_PRO/TOOLCHAIN_ARM_STD/mbed.ar(SerialBase.o)
    0x00002f06   0x00002f06   0x00000012   Code   RO         1696    i._ZN4mbed10SerialBase12_irq_handlerEj9SerialIrq  mbed/TARGET_ARCH_PRO/TOOLCHAIN_ARM_STD/mbed.ar(SerialBase.o)
    0x00002f18   0x00002f18   0x00000002   Code   RO         1699    i._ZN4mbed10SerialBase4lockEv  mbed/TARGET_ARCH_PRO/TOOLCHAIN_ARM_STD/mbed.ar(SerialBase.o)
    0x00002f1a   0x00002f1a   0x00000002   Code   RO         1702    i._ZN4mbed10SerialBase6unlockEv  mbed/TARGET_ARCH_PRO/TOOLCHAIN_ARM_STD/mbed.ar(SerialBase.o)
    0x00002f1c   0x00002f1c   0x000000a8   Code   RO         1705    i._ZN4mbed10SerialBaseC1E7PinNameS1_i  mbed/TARGET_ARCH_PRO/TOOLCHAIN_ARM_STD/mbed.ar(SerialBase.o)
    0x00002fc4   0x00002fc4   0x00000104   Code   RO         1707    i._ZN4mbed10SerialBaseD1Ev  mbed/TARGET_ARCH_PRO/TOOLCHAIN_ARM_STD/mbed.ar(SerialBase.o)
    0x000030c8   0x000030c8   0x00000014   Code   RO         1466    i._ZN4mbed10TimerEvent15insert_absoluteEy  mbed/TARGET_ARCH_PRO/TOOLCHAIN_ARM_STD/mbed.ar(TimerEvent.o)
    0x000030dc   0x000030dc   0x00000006   Code   RO         1467    i._ZN4mbed10TimerEvent3irqEj  mbed/TARGET_ARCH_PRO/TOOLCHAIN_ARM_STD/mbed.ar(TimerEvent.o)
    0x000030e2   0x000030e2   0x0000000c   Code   RO         1469    i._ZN4mbed10TimerEvent6removeEv  mbed/TARGET_ARCH_PRO/TOOLCHAIN_ARM_STD/mbed.ar(TimerEvent.o)
    0x000030ee   0x000030ee   0x00000002   PAD
    0x000030f0   0x000030f0   0x0000002c   Code   RO         1471    i._ZN4mbed10TimerEventC2Ev  mbed/TARGET_ARCH_PRO/TOOLCHAIN_ARM_STD/mbed.ar(TimerEvent.o)
    0x0000311c   0x0000311c   0x0000001c   Code   RO         1473    i._ZN4mbed10TimerEventD2Ev  mbed/TARGET_ARCH_PRO/TOOLCHAIN_ARM_STD/mbed.ar(TimerEvent.o)
    0x00003138   0x00003138   0x00000070   Code   RO          231    i._ZN4mbed17remove_filehandleEPNS_10FileHandleE  mbed/TARGET_ARCH_PRO/TOOLCHAIN_ARM_STD/mbed_retarget.o
    0x000031a8   0x000031a8   0x00000004   Code   RO          232    i._ZN4mbed21mbed_override_consoleEi  mbed/TARGET_ARCH_PRO/TOOLCHAIN_ARM_STD/mbed_retarget.o
    0x000031ac   0x000031ac   0x00000006   Code   RO          233    i._ZN4mbed26mbed_set_unbuffered_streamEPSt6__FILE  mbed/TARGET_ARCH_PRO/TOOLCHAIN_ARM_STD/mbed_retarget.o
    0x000031b2   0x000031b2   0x00000004   Code   RO          234    i._ZN4mbed28mbed_target_override_consoleEi  mbed/TARGET_ARCH_PRO/TOOLCHAIN_ARM_STD/mbed_retarget.o
    0x000031b6   0x000031b6   0x00000002   PAD
    0x000031b8   0x000031b8   0x0000002c   Code   RO         1533    i._ZN4mbed3I2C4lockEv  mbed/TARGET_ARCH_PRO/TOOLCHAIN_ARM_STD/mbed.ar(I2C.o)
    0x000031e4   0x000031e4   0x0000006c   Code   RO         1539    i._ZN4mbed3I2C5writeEiPKcib  mbed/TARGET_ARCH_PRO/TOOLCHAIN_ARM_STD/mbed.ar(I2C.o)
    0x00003250   0x00003250   0x0000002c   Code   RO         1541    i._ZN4mbed3I2C6unlockEv  mbed/TARGET_ARCH_PRO/TOOLCHAIN_ARM_STD/mbed.ar(I2C.o)
    0x0000327c   0x0000327c   0x0000002c   Code   RO         1543    i._ZN4mbed3I2CC1E7PinNameS1_  mbed/TARGET_ARCH_PRO/TOOLCHAIN_ARM_STD/mbed.ar(I2C.o)
    0x000032a8   0x000032a8   0x00000002   Code   RO         1580    i._ZN4mbed3I2CD1Ev  mbed/TARGET_ARCH_PRO/TOOLCHAIN_ARM_STD/mbed.ar(I2C.o)
    0x000032aa   0x000032aa   0x00000002   Code   RO         1610    i._ZN4mbed6Serial4lockEv  mbed/TARGET_ARCH_PRO/TOOLCHAIN_ARM_STD/mbed.ar(Serial.o)
    0x000032ac   0x000032ac   0x00000002   Code   RO         1613    i._ZN4mbed6Serial6unlockEv  mbed/TARGET_ARCH_PRO/TOOLCHAIN_ARM_STD/mbed.ar(Serial.o)
    0x000032ae   0x000032ae   0x00000002   PAD
    0x000032b0   0x000032b0   0x00000028   Code   RO         1614    i._ZN4mbed6SerialC1E7PinNameS1_PKci  mbed/TARGET_ARCH_PRO/TOOLCHAIN_ARM_STD/mbed.ar(Serial.o)
    0x000032d8   0x000032d8   0x00000024   Code   RO         1645    i._ZN4mbed6SerialD1Ev  mbed/TARGET_ARCH_PRO/TOOLCHAIN_ARM_STD/mbed.ar(Serial.o)
    0x000032fc   0x000032fc   0x00000002   Code   RO         2051    i._ZN4mbed6Stream4lockEv  mbed/TARGET_ARCH_PRO/TOOLCHAIN_ARM_STD/mbed.ar(Stream.o)
    0x000032fe   0x000032fe   0x00000004   Code   RO         1975    i._ZN4mbed6Stream4seekEli  mbed/TARGET_ARCH_PRO/TOOLCHAIN_ARM_STD/mbed.ar(Stream.o)
    0x00003302   0x00003302   0x00000004   Code   RO         1976    i._ZN4mbed6Stream4sizeEv  mbed/TARGET_ARCH_PRO/TOOLCHAIN_ARM_STD/mbed.ar(Stream.o)
    0x00003306   0x00003306   0x00000004   Code   RO         1979    i._ZN4mbed6Stream5closeEv  mbed/TARGET_ARCH_PRO/TOOLCHAIN_ARM_STD/mbed.ar(Stream.o)
    0x0000330a   0x0000330a   0x0000003c   Code   RO         1981    i._ZN4mbed6Stream5writeEPKvj  mbed/TARGET_ARCH_PRO/TOOLCHAIN_ARM_STD/mbed.ar(Stream.o)
    0x00003346   0x00003346   0x00000004   Code   RO         1982    i._ZN4mbed6Stream6isattyEv  mbed/TARGET_ARCH_PRO/TOOLCHAIN_ARM_STD/mbed.ar(Stream.o)
    0x0000334a   0x0000334a   0x00000002   Code   RO         2054    i._ZN4mbed6Stream6unlockEv  mbed/TARGET_ARCH_PRO/TOOLCHAIN_ARM_STD/mbed.ar(Stream.o)
    0x0000334c   0x0000334c   0x00000070   Code   RO         1987    i._ZN4mbed6StreamC2EPKc  mbed/TARGET_ARCH_PRO/TOOLCHAIN_ARM_STD/mbed.ar(Stream.o)
    0x000033bc   0x000033bc   0x00000020   Code   RO         1989    i._ZN4mbed6StreamD2Ev  mbed/TARGET_ARCH_PRO/TOOLCHAIN_ARM_STD/mbed.ar(Stream.o)
    0x000033dc   0x000033dc   0x00000032   Code   RO         1503    i._ZN4mbed6Ticker5setupEy  mbed/TARGET_ARCH_PRO/TOOLCHAIN_ARM_STD/mbed.ar(Ticker.o)
    0x0000340e   0x0000340e   0x00000002   PAD
    0x00003410   0x00003410   0x00000040   Code   RO          883    i._ZN4mbed6Ticker6attachENS_8CallbackIFvvEEEf  .\build\main.o
    0x00003450   0x00003450   0x0000002a   Code   RO         1505    i._ZN4mbed6Ticker7handlerEv  mbed/TARGET_ARCH_PRO/TOOLCHAIN_ARM_STD/mbed.ar(Ticker.o)
    0x0000347a   0x0000347a   0x0000005e   Code   RO          895    i._ZN4mbed6Ticker9attach_usENS_8CallbackIFvvEEEy  .\build\main.o
    0x000034d8   0x000034d8   0x00000088   Code   RO         1520    i._ZN4mbed6TickerD1Ev  mbed/TARGET_ARCH_PRO/TOOLCHAIN_ARM_STD/mbed.ar(Ticker.o)
    0x00003560   0x00003560   0x000000a0   Code   RO          235    i._ZN4mbed6fdopenEPNS_10FileHandleEPKc  mbed/TARGET_ARCH_PRO/TOOLCHAIN_ARM_STD/mbed_retarget.o
    0x00003600   0x00003600   0x00000014   Code   RO          925    i._ZN4mbed8AnalogIn4lockEv  .\build\main.o
    0x00003614   0x00003614   0x00000014   Code   RO          919    i._ZN4mbed8AnalogIn6unlockEv  .\build\main.o
    0x00003628   0x00003628   0x00000002   Code   RO          931    i._ZN4mbed8AnalogInD1Ev  .\build\main.o
    0x0000362a   0x0000362a   0x00000022   Code   RO          864    i._ZN4mbed8AnalogIncvfEv  .\build\main.o
    0x0000364c   0x0000364c   0x00000004   Code   RO         2124    i._ZN4mbed8FileBase11getPathTypeEv  mbed/TARGET_ARCH_PRO/TOOLCHAIN_ARM_STD/mbed.ar(FileBase.o)
    0x00003650   0x00003650   0x0000006c   Code   RO         2126    i._ZN4mbed8FileBase6lookupEPKcj  mbed/TARGET_ARCH_PRO/TOOLCHAIN_ARM_STD/mbed.ar(FileBase.o)
    0x000036bc   0x000036bc   0x00000040   Code   RO         2128    i._ZN4mbed8FileBaseC1EPKcNS_8PathTypeE  mbed/TARGET_ARCH_PRO/TOOLCHAIN_ARM_STD/mbed.ar(FileBase.o)
    0x000036fc   0x000036fc   0x00000054   Code   RO         2130    i._ZN4mbed8FileBaseD1Ev  mbed/TARGET_ARCH_PRO/TOOLCHAIN_ARM_STD/mbed.ar(FileBase.o)
    0x00003750   0x00003750   0x0000001e   Code   RO         1905    i._ZN4mbed8FilePath10fileSystemEv  mbed/TARGET_ARCH_PRO/TOOLCHAIN_ARM_STD/mbed.ar(FilePath.o)
    0x0000376e   0x0000376e   0x0000001c   Code   RO         1907    i._ZN4mbed8FilePath4fileEv  mbed/TARGET_ARCH_PRO/TOOLCHAIN_ARM_STD/mbed.ar(FilePath.o)
    0x0000378a   0x0000378a   0x0000000a   Code   RO         1908    i._ZN4mbed8FilePath6existsEv  mbed/TARGET_ARCH_PRO/TOOLCHAIN_ARM_STD/mbed.ar(FilePath.o)
    0x00003794   0x00003794   0x00000018   Code   RO         1909    i._ZN4mbed8FilePath6isFileEv  mbed/TARGET_ARCH_PRO/TOOLCHAIN_ARM_STD/mbed.ar(FilePath.o)
    0x000037ac   0x000037ac   0x00000004   Code   RO         1910    i._ZN4mbed8FilePath8fileNameEv  mbed/TARGET_ARCH_PRO/TOOLCHAIN_ARM_STD/mbed.ar(FilePath.o)
    0x000037b0   0x000037b0   0x00000060   Code   RO         1911    i._ZN4mbed8FilePathC1EPKc  mbed/TARGET_ARCH_PRO/TOOLCHAIN_ARM_STD/mbed.ar(FilePath.o)
    0x00003810   0x00003810   0x00000002   Code   RO         1616    i._ZThn48_N4mbed6Serial4lockEv  mbed/TARGET_ARCH_PRO/TOOLCHAIN_ARM_STD/mbed.ar(Serial.o)
    0x00003812   0x00003812   0x00000006   Code   RO         1618    i._ZThn48_N4mbed6Serial5_putcEi  mbed/TARGET_ARCH_PRO/TOOLCHAIN_ARM_STD/mbed.ar(Serial.o)
    0x00003818   0x00003818   0x00000002   Code   RO         1619    i._ZThn48_N4mbed6Serial6unlockEv  mbed/TARGET_ARCH_PRO/TOOLCHAIN_ARM_STD/mbed.ar(Serial.o)
    0x0000381a   0x0000381a   0x00000028   Code   RO         2949    i.__ARM_fpclassify  C:\Keil_v5\ARM\ARMCC\Bin\..\lib\armlib\m_ws.l(fpclassify.o)
    0x00003842   0x00003842   0x00000004   Code   RO          245    i.__aeabi_atexit    mbed/TARGET_ARCH_PRO/TOOLCHAIN_ARM_STD/mbed_retarget.o
    0x00003846   0x00003846   0x00000024   Code   RO         2437    i.__aeabi_vec_ctor_nocookie_nodtor  C:\Keil_v5\ARM\ARMCC\Bin\..\lib\cpplib\cpprt_w.l(aeabi_vec_ctor_nocookie_nodtor.o)
    0x0000386a   0x0000386a   0x00000002   PAD
    0x0000386c   0x0000386c   0x0000005c   Code   RO          249    i.__cxa_guard_acquire  mbed/TARGET_ARCH_PRO/TOOLCHAIN_ARM_STD/mbed_retarget.o
    0x000038c8   0x000038c8   0x0000006c   Code   RO          250    i.__cxa_guard_release  mbed/TARGET_ARCH_PRO/TOOLCHAIN_ARM_STD/mbed_retarget.o
    0x00003934   0x00003934   0x00000006   Code   RO         2328    i.__cxa_pure_virtual  C:\Keil_v5\ARM\ARMCC\Bin\..\lib\cpplib\cpprt_w.l(pure_virt.o)
    0x0000393a   0x0000393a   0x000000aa   Code   RO         2772    i.__kernel_poly     C:\Keil_v5\ARM\ARMCC\Bin\..\lib\armlib\m_ws.l(poly.o)
    0x000039e4   0x000039e4   0x00000010   Code   RO         2758    i.__mathlib_dbl_divzero  C:\Keil_v5\ARM\ARMCC\Bin\..\lib\armlib\m_ws.l(dunder.o)
    0x000039f4   0x000039f4   0x00000006   Code   RO         2759    i.__mathlib_dbl_infnan  C:\Keil_v5\ARM\ARMCC\Bin\..\lib\armlib\m_ws.l(dunder.o)
    0x000039fa   0x000039fa   0x0000000c   Code   RO         2761    i.__mathlib_dbl_invalid  C:\Keil_v5\ARM\ARMCC\Bin\..\lib\armlib\m_ws.l(dunder.o)
    0x00003a06   0x00003a06   0x00000002   PAD
    0x00003a08   0x00003a08   0x0000010c   Code   RO          765    i.__sti___8_main_cpp_temps  .\build\main.o
    0x00003b14   0x00003b14   0x00000008   Code   RO          251    i.__user_setup_stackheap  mbed/TARGET_ARCH_PRO/TOOLCHAIN_ARM_STD/mbed_retarget.o
    0x00003b1c   0x00003b1c   0x0000000e   Code   RO         2253    i._is_digit         C:\Keil_v5\ARM\ARMCC\Bin\..\lib\armlib\c_w.l(__printf_wp.o)
    0x00003b2a   0x00003b2a   0x00000002   PAD
    0x00003b2c   0x00003b2c   0x00000010   Code   RO          252    i._mbed_user_setup_stackheap  mbed/TARGET_ARCH_PRO/TOOLCHAIN_ARM_STD/mbed_retarget.o
    0x00003b3c   0x00003b3c   0x0000001c   Code   RO          539    i._platform_post_stackheap_init  mbed/TARGET_ARCH_PRO/TOOLCHAIN_ARM_STD/mbed_sdk_boot.o
    0x00003b58   0x00003b58   0x00000040   Code   RO          253    i._sys_close        mbed/TARGET_ARCH_PRO/TOOLCHAIN_ARM_STD/mbed_retarget.o
    0x00003b98   0x00003b98   0x00000030   Code   RO          256    i._sys_flen         mbed/TARGET_ARCH_PRO/TOOLCHAIN_ARM_STD/mbed_retarget.o
    0x00003bc8   0x00003bc8   0x0000002e   Code   RO          257    i._sys_istty        mbed/TARGET_ARCH_PRO/TOOLCHAIN_ARM_STD/mbed_retarget.o
    0x00003bf6   0x00003bf6   0x00000002   PAD
    0x00003bf8   0x00003bf8   0x00000098   Code   RO          258    i._sys_open         mbed/TARGET_ARCH_PRO/TOOLCHAIN_ARM_STD/mbed_retarget.o
    0x00003c90   0x00003c90   0x00000036   Code   RO          260    i._sys_seek         mbed/TARGET_ARCH_PRO/TOOLCHAIN_ARM_STD/mbed_retarget.o
    0x00003cc6   0x00003cc6   0x00000002   PAD
    0x00003cc8   0x00003cc8   0x00000068   Code   RO          261    i._sys_write        mbed/TARGET_ARCH_PRO/TOOLCHAIN_ARM_STD/mbed_retarget.o
    0x00003d30   0x00003d30   0x00000098   Code   RO            4    i.analogin_init     mbed/TARGET_ARCH_PRO/TOOLCHAIN_ARM_STD/analogin_api.o
    0x00003dc8   0x00003dc8   0x000000d0   Code   RO            5    i.analogin_read     mbed/TARGET_ARCH_PRO/TOOLCHAIN_ARM_STD/analogin_api.o
    0x00003e98   0x00003e98   0x00000014   Code   RO         1869    i.core_util_atomic_decr_u16  mbed/TARGET_ARCH_PRO/TOOLCHAIN_ARM_STD/mbed.ar(mbed_critical.o)
    0x00003eac   0x00003eac   0x00000014   Code   RO         1873    i.core_util_atomic_incr_u16  mbed/TARGET_ARCH_PRO/TOOLCHAIN_ARM_STD/mbed.ar(mbed_critical.o)
    0x00003ec0   0x00003ec0   0x00000060   Code   RO         1876    i.core_util_critical_section_enter  mbed/TARGET_ARCH_PRO/TOOLCHAIN_ARM_STD/mbed.ar(mbed_critical.o)
    0x00003f20   0x00003f20   0x00000020   Code   RO         1877    i.core_util_critical_section_exit  mbed/TARGET_ARCH_PRO/TOOLCHAIN_ARM_STD/mbed.ar(mbed_critical.o)
    0x00003f40   0x00003f40   0x00000028   Code   RO         1797    i.error             mbed/TARGET_ARCH_PRO/TOOLCHAIN_ARM_STD/mbed.ar(mbed_error.o)
    0x00003f68   0x00003f68   0x00000020   Code   RO          265    i.exit              mbed/TARGET_ARCH_PRO/TOOLCHAIN_ARM_STD/mbed_retarget.o
    0x00003f88   0x00003f88   0x00000008   Code   RO         1781    i.get_us_ticker_data  mbed/TARGET_ARCH_PRO/TOOLCHAIN_ARM_STD/mbed.ar(mbed_us_ticker_api.o)
    0x00003f90   0x00003f90   0x00000054   Code   RO          137    i.gpio_dir          mbed/TARGET_ARCH_PRO/TOOLCHAIN_ARM_STD/gpio_api.o
    0x00003fe4   0x00003fe4   0x0000003a   Code   RO          138    i.gpio_init         mbed/TARGET_ARCH_PRO/TOOLCHAIN_ARM_STD/gpio_api.o
    0x0000401e   0x0000401e   0x00000028   Code   RO         1593    i.gpio_init_in      mbed/TARGET_ARCH_PRO/TOOLCHAIN_ARM_STD/mbed.ar(mbed_gpio.o)
    0x00004046   0x00004046   0x00000002   PAD
    0x00004048   0x00004048   0x00000048   Code   RO         1596    i.gpio_init_out     mbed/TARGET_ARCH_PRO/TOOLCHAIN_ARM_STD/mbed.ar(mbed_gpio.o)
    0x00004090   0x00004090   0x00000068   Code   RO         1597    i.gpio_init_out_ex  mbed/TARGET_ARCH_PRO/TOOLCHAIN_ARM_STD/mbed.ar(mbed_gpio.o)
    0x000040f8   0x000040f8   0x00000006   Code   RO          139    i.gpio_mode         mbed/TARGET_ARCH_PRO/TOOLCHAIN_ARM_STD/gpio_api.o
    0x000040fe   0x000040fe   0x00000002   PAD
    0x00004100   0x00004100   0x00000020   Code   RO         2068    i.hal_critical_section_enter  mbed/TARGET_ARCH_PRO/TOOLCHAIN_ARM_STD/mbed.ar(mbed_critical_section_api.o)
    0x00004120   0x00004120   0x00000050   Code   RO         2069    i.hal_critical_section_exit  mbed/TARGET_ARCH_PRO/TOOLCHAIN_ARM_STD/mbed.ar(mbed_critical_section_api.o)
    0x00004170   0x00004170   0x0000001c   Code   RO          174    i.i2c_frequency     mbed/TARGET_ARCH_PRO/TOOLCHAIN_ARM_STD/i2c_api.o
    0x0000418c   0x0000418c   0x000000d8   Code   RO          175    i.i2c_init          mbed/TARGET_ARCH_PRO/TOOLCHAIN_ARM_STD/i2c_api.o
    0x00004264   0x00004264   0x00000038   Code   RO          204    i.i2c_stop          mbed/TARGET_ARCH_PRO/TOOLCHAIN_ARM_STD/i2c_api.o
    0x0000429c   0x0000429c   0x00000124   Code   RO          183    i.i2c_write         mbed/TARGET_ARCH_PRO/TOOLCHAIN_ARM_STD/i2c_api.o
    0x000043c0   0x000043c0   0x000000d4   Code   RO         1807    i.initialize        mbed/TARGET_ARCH_PRO/TOOLCHAIN_ARM_STD/mbed.ar(mbed_ticker_api.o)
    0x00004494   0x00004494   0x0000035c   Code   RO         2508    i.log               C:\Keil_v5\ARM\ARMCC\Bin\..\lib\armlib\m_ws.l(log.o)
    0x000047f0   0x000047f0   0x00000048   Code   RO          766    i.main              .\build\main.o
    0x00004838   0x00004838   0x00000054   Code   RO         1845    i.mbed_assert_internal  mbed/TARGET_ARCH_PRO/TOOLCHAIN_ARM_STD/mbed.ar(mbed_assert.o)
    0x0000488c   0x0000488c   0x000000bc   Code   RO          209    i.mbed_die          mbed/TARGET_ARCH_PRO/TOOLCHAIN_ARM_STD/mbed_board.o
    0x00004948   0x00004948   0x00000058   Code   RO          210    i.mbed_error_printf  mbed/TARGET_ARCH_PRO/TOOLCHAIN_ARM_STD/mbed_board.o
    0x000049a0   0x000049a0   0x00000054   Code   RO          211    i.mbed_error_vfprintf  mbed/TARGET_ARCH_PRO/TOOLCHAIN_ARM_STD/mbed_board.o
    0x000049f4   0x000049f4   0x00000002   Code   RO          541    i.mbed_main         mbed/TARGET_ARCH_PRO/TOOLCHAIN_ARM_STD/mbed_sdk_boot.o
    0x000049f6   0x000049f6   0x00000002   Code   RO          542    i.mbed_sdk_init     mbed/TARGET_ARCH_PRO/TOOLCHAIN_ARM_STD/mbed_sdk_boot.o
    0x000049f8   0x000049f8   0x000000b8   Code   RO          272    i.open              mbed/TARGET_ARCH_PRO/TOOLCHAIN_ARM_STD/mbed_retarget.o
    0x00004ab0   0x00004ab0   0x0000005c   Code   RO          556    i.pin_function      mbed/TARGET_ARCH_PRO/TOOLCHAIN_ARM_STD/pinmap.o
    0x00004b0c   0x00004b0c   0x00000090   Code   RO          557    i.pin_mode          mbed/TARGET_ARCH_PRO/TOOLCHAIN_ARM_STD/pinmap.o
    0x00004b9c   0x00004b9c   0x00000022   Code   RO         1764    i.pinmap_find_peripheral  mbed/TARGET_ARCH_PRO/TOOLCHAIN_ARM_STD/mbed.ar(mbed_pinmap_common.o)
    0x00004bbe   0x00004bbe   0x00000002   PAD
    0x00004bc0   0x00004bc0   0x0000003c   Code   RO         1766    i.pinmap_merge      mbed/TARGET_ARCH_PRO/TOOLCHAIN_ARM_STD/mbed.ar(mbed_pinmap_common.o)
    0x00004bfc   0x00004bfc   0x0000005c   Code   RO         1767    i.pinmap_peripheral  mbed/TARGET_ARCH_PRO/TOOLCHAIN_ARM_STD/mbed.ar(mbed_pinmap_common.o)
    0x00004c58   0x00004c58   0x00000058   Code   RO         1768    i.pinmap_pinout     mbed/TARGET_ARCH_PRO/TOOLCHAIN_ARM_STD/mbed.ar(mbed_pinmap_common.o)
    0x00004cb0   0x00004cb0   0x000000ec   Code   RO         1808    i.schedule_interrupt  mbed/TARGET_ARCH_PRO/TOOLCHAIN_ARM_STD/mbed.ar(mbed_ticker_api.o)
    0x00004d9c   0x00004d9c   0x000001c4   Code   RO          630    i.serial_baud       mbed/TARGET_ARCH_PRO/TOOLCHAIN_ARM_STD/serial_api.o
    0x00004f60   0x00004f60   0x00000180   Code   RO          637    i.serial_init       mbed/TARGET_ARCH_PRO/TOOLCHAIN_ARM_STD/serial_api.o
    0x000050e0   0x000050e0   0x0000001c   Code   RO          638    i.serial_irq_handler  mbed/TARGET_ARCH_PRO/TOOLCHAIN_ARM_STD/serial_api.o
    0x000050fc   0x000050fc   0x0000001c   Code   RO          639    i.serial_irq_set    mbed/TARGET_ARCH_PRO/TOOLCHAIN_ARM_STD/serial_api.o
    0x00005118   0x00005118   0x000000f8   Code   RO          640    i.serial_irq_set_internal  mbed/TARGET_ARCH_PRO/TOOLCHAIN_ARM_STD/serial_api.o
    0x00005210   0x00005210   0x00000068   Code   RO          642    i.serial_putc       mbed/TARGET_ARCH_PRO/TOOLCHAIN_ARM_STD/serial_api.o
    0x00005278   0x00005278   0x0000010c   Code   RO          644    i.serial_set_flow_control  mbed/TARGET_ARCH_PRO/TOOLCHAIN_ARM_STD/serial_api.o
    0x00005384   0x00005384   0x00000060   Code   RO         1671    i.sleep_manager_lock_deep_sleep_internal  mbed/TARGET_ARCH_PRO/TOOLCHAIN_ARM_STD/mbed.ar(mbed_sleep_manager.o)
    0x000053e4   0x000053e4   0x00000054   Code   RO         1673    i.sleep_manager_unlock_deep_sleep_internal  mbed/TARGET_ARCH_PRO/TOOLCHAIN_ARM_STD/mbed.ar(mbed_sleep_manager.o)
    0x00005438   0x00005438   0x00000070   Code   RO         1811    i.ticker_insert_event_us  mbed/TARGET_ARCH_PRO/TOOLCHAIN_ARM_STD/mbed.ar(mbed_ticker_api.o)
    0x000054a8   0x000054a8   0x0000004e   Code   RO         1812    i.ticker_irq_handler  mbed/TARGET_ARCH_PRO/TOOLCHAIN_ARM_STD/mbed.ar(mbed_ticker_api.o)
    0x000054f6   0x000054f6   0x0000001c   Code   RO         1813    i.ticker_read       mbed/TARGET_ARCH_PRO/TOOLCHAIN_ARM_STD/mbed.ar(mbed_ticker_api.o)
    0x00005512   0x00005512   0x0000001e   Code   RO         1814    i.ticker_read_us    mbed/TARGET_ARCH_PRO/TOOLCHAIN_ARM_STD/mbed.ar(mbed_ticker_api.o)
    0x00005530   0x00005530   0x00000038   Code   RO         1815    i.ticker_remove_event  mbed/TARGET_ARCH_PRO/TOOLCHAIN_ARM_STD/mbed.ar(mbed_ticker_api.o)
    0x00005568   0x00005568   0x0000001a   Code   RO         1816    i.ticker_set_handler  mbed/TARGET_ARCH_PRO/TOOLCHAIN_ARM_STD/mbed.ar(mbed_ticker_api.o)
    0x00005582   0x00005582   0x00000002   PAD
    0x00005584   0x00005584   0x00000014   Code   RO          646    i.uart0_irq         mbed/TARGET_ARCH_PRO/TOOLCHAIN_ARM_STD/serial_api.o
    0x00005598   0x00005598   0x00000014   Code   RO          647    i.uart1_irq         mbed/TARGET_ARCH_PRO/TOOLCHAIN_ARM_STD/serial_api.o
    0x000055ac   0x000055ac   0x00000014   Code   RO          648    i.uart2_irq         mbed/TARGET_ARCH_PRO/TOOLCHAIN_ARM_STD/serial_api.o
    0x000055c0   0x000055c0   0x00000014   Code   RO          649    i.uart3_irq         mbed/TARGET_ARCH_PRO/TOOLCHAIN_ARM_STD/serial_api.o
    0x000055d4   0x000055d4   0x00000068   Code   RO          650    i.uart_irq          mbed/TARGET_ARCH_PRO/TOOLCHAIN_ARM_STD/serial_api.o
    0x0000563c   0x0000563c   0x00000104   Code   RO         1817    i.update_present_time  mbed/TARGET_ARCH_PRO/TOOLCHAIN_ARM_STD/mbed.ar(mbed_ticker_api.o)
    0x00005740   0x00005740   0x0000000c   Code   RO          734    i.us_ticker_clear_interrupt  mbed/TARGET_ARCH_PRO/TOOLCHAIN_ARM_STD/us_ticker.o
    0x0000574c   0x0000574c   0x00000010   Code   RO          735    i.us_ticker_disable_interrupt  mbed/TARGET_ARCH_PRO/TOOLCHAIN_ARM_STD/us_ticker.o
    0x0000575c   0x0000575c   0x0000000c   Code   RO          736    i.us_ticker_fire_interrupt  mbed/TARGET_ARCH_PRO/TOOLCHAIN_ARM_STD/us_ticker.o
    0x00005768   0x00005768   0x00000008   Code   RO          286    i.us_ticker_get_info  mbed/TARGET_ARCH_PRO/TOOLCHAIN_ARM_STD/mbed_retarget.o
    0x00005770   0x00005770   0x00000068   Code   RO          737    i.us_ticker_init    mbed/TARGET_ARCH_PRO/TOOLCHAIN_ARM_STD/us_ticker.o
    0x000057d8   0x000057d8   0x00000018   Code   RO         1783    i.us_ticker_irq_handler  mbed/TARGET_ARCH_PRO/TOOLCHAIN_ARM_STD/mbed.ar(mbed_us_ticker_api.o)
    0x000057f0   0x000057f0   0x00000064   Code   RO          738    i.us_ticker_read    mbed/TARGET_ARCH_PRO/TOOLCHAIN_ARM_STD/us_ticker.o
    0x00005854   0x00005854   0x00000014   Code   RO          739    i.us_ticker_set_interrupt  mbed/TARGET_ARCH_PRO/TOOLCHAIN_ARM_STD/us_ticker.o
    0x00005868   0x00005868   0x0000002c   Code   RO         1958    i.wait              mbed/TARGET_ARCH_PRO/TOOLCHAIN_ARM_STD/mbed.ar(mbed_wait_api_no_rtos.o)
    0x00005894   0x00005894   0x00000024   Code   RO         1959    i.wait_ms           mbed/TARGET_ARCH_PRO/TOOLCHAIN_ARM_STD/mbed.ar(mbed_wait_api_no_rtos.o)
    0x000058b8   0x000058b8   0x0000001e   Code   RO         1960    i.wait_us           mbed/TARGET_ARCH_PRO/TOOLCHAIN_ARM_STD/mbed.ar(mbed_wait_api_no_rtos.o)
    0x000058d6   0x000058d6   0x00000002   PAD
    0x000058d8   0x000058d8   0x0000002c   Code   RO         2888    locale$$code        C:\Keil_v5\ARM\ARMCC\Bin\..\lib\armlib\c_w.l(lc_numeric_c.o)
    0x00005904   0x00005904   0x0000002c   Code   RO         3032    locale$$code        C:\Keil_v5\ARM\ARMCC\Bin\..\lib\armlib\c_w.l(lc_ctype_c.o)
    0x00005930   0x00005930   0x0000002c   Code   RO         2151    t._ZN12SingletonPtrI13PlatformMutexEptEv  mbed/TARGET_ARCH_PRO/TOOLCHAIN_ARM_STD/mbed.ar(FileBase.o)
    0x0000595c   0x0000595c   0x0000000a   Code   RO          978    t._ZN4mbed8CallbackIFvvEE13function_callIPS1_EEvPKv  .\build\main.o
    0x00005966   0x00005966   0x00000002   Code   RO          990    t._ZN4mbed8CallbackIFvvEE13function_dtorIPS1_EEvPv  .\build\main.o
    0x00005968   0x00005968   0x0000000e   Code   RO          984    t._ZN4mbed8CallbackIFvvEE13function_moveIPS1_EEvPvPKv  .\build\main.o
    0x00005976   0x00005976   0x00000002   PAD
    0x00005978   0x00005978   0x00000038   Code   RO          871    t._ZN4mbed8CallbackIFvvEEC1EPS1_  .\build\main.o
    0x000059b0   0x000059b0   0x0000001c   Code   RO          877    t._ZN4mbed8CallbackIFvvEEC1ERKS2_  .\build\main.o
    0x000059cc   0x000059cc   0x00000012   Code   RO         1753    t._ZN4mbed8CallbackIFvvEED1Ev  mbed/TARGET_ARCH_PRO/TOOLCHAIN_ARM_STD/mbed.ar(SerialBase.o)
    0x000059de   0x000059de   0x00000002   PAD
    0x000059e0   0x000059e0   0x00000062   Code   RO         2443    x$fpl$d2f           C:\Keil_v5\ARM\ARMCC\Bin\..\lib\armlib\fz_ws.l(d2f.o)
    0x00005a42   0x00005a42   0x00000002   PAD
    0x00005a44   0x00005a44   0x00000150   Code   RO         2445    x$fpl$dadd          C:\Keil_v5\ARM\ARMCC\Bin\..\lib\armlib\fz_ws.l(daddsub_clz.o)
    0x00005b94   0x00005b94   0x00000010   Code   RO         2943    x$fpl$dcheck1       C:\Keil_v5\ARM\ARMCC\Bin\..\lib\armlib\fz_ws.l(dcheck1.o)
    0x00005ba4   0x00005ba4   0x00000018   Code   RO         2733    x$fpl$dcmpinf       C:\Keil_v5\ARM\ARMCC\Bin\..\lib\armlib\fz_ws.l(dcmpi.o)
    0x00005bbc   0x00005bbc   0x000002b0   Code   RO         2452    x$fpl$ddiv          C:\Keil_v5\ARM\ARMCC\Bin\..\lib\armlib\fz_ws.l(ddiv.o)
    0x00005e6c   0x00005e6c   0x00000078   Code   RO         2735    x$fpl$deqf          C:\Keil_v5\ARM\ARMCC\Bin\..\lib\armlib\fz_ws.l(deqf.o)
    0x00005ee4   0x00005ee4   0x0000002e   Code   RO         2460    x$fpl$dflt          C:\Keil_v5\ARM\ARMCC\Bin\..\lib\armlib\fz_ws.l(dflt_clz.o)
    0x00005f12   0x00005f12   0x00000002   PAD
    0x00005f14   0x00005f14   0x00000154   Code   RO         2467    x$fpl$dmul          C:\Keil_v5\ARM\ARMCC\Bin\..\lib\armlib\fz_ws.l(dmul.o)
    0x00006068   0x00006068   0x0000009c   Code   RO         2737    x$fpl$dnaninf       C:\Keil_v5\ARM\ARMCC\Bin\..\lib\armlib\fz_ws.l(dnaninf.o)
    0x00006104   0x00006104   0x0000000c   Code   RO         2739    x$fpl$dretinf       C:\Keil_v5\ARM\ARMCC\Bin\..\lib\armlib\fz_ws.l(dretinf.o)
    0x00006110   0x00006110   0x00000016   Code   RO         2446    x$fpl$drsb          C:\Keil_v5\ARM\ARMCC\Bin\..\lib\armlib\fz_ws.l(daddsub_clz.o)
    0x00006126   0x00006126   0x00000002   PAD
    0x00006128   0x00006128   0x000001d4   Code   RO         2447    x$fpl$dsub          C:\Keil_v5\ARM\ARMCC\Bin\..\lib\armlib\fz_ws.l(daddsub_clz.o)
    0x000062fc   0x000062fc   0x00000056   Code   RO         2469    x$fpl$f2d           C:\Keil_v5\ARM\ARMCC\Bin\..\lib\armlib\fz_ws.l(f2d.o)
    0x00006352   0x00006352   0x00000002   PAD
    0x00006354   0x00006354   0x00000036   Code   RO         2481    x$fpl$ffix          C:\Keil_v5\ARM\ARMCC\Bin\..\lib\armlib\fz_ws.l(ffix.o)
    0x0000638a   0x0000638a   0x00000002   PAD
    0x0000638c   0x0000638c   0x00000026   Code   RO         2493    x$fpl$ffltu         C:\Keil_v5\ARM\ARMCC\Bin\..\lib\armlib\fz_ws.l(fflt_clz.o)
    0x000063b2   0x000063b2   0x00000002   PAD
    0x000063b4   0x000063b4   0x00000102   Code   RO         2499    x$fpl$fmul          C:\Keil_v5\ARM\ARMCC\Bin\..\lib\armlib\fz_ws.l(fmul.o)
    0x000064b6   0x000064b6   0x0000008c   Code   RO         2743    x$fpl$fnaninf       C:\Keil_v5\ARM\ARMCC\Bin\..\lib\armlib\fz_ws.l(fnaninf.o)
    0x00006542   0x00006542   0x0000000a   Code   RO         2745    x$fpl$fretinf       C:\Keil_v5\ARM\ARMCC\Bin\..\lib\armlib\fz_ws.l(fretinf.o)
    0x0000654c   0x0000654c   0x0000005c   Code   RO         2489    x$fpl$llufromf      C:\Keil_v5\ARM\ARMCC\Bin\..\lib\armlib\fz_ws.l(ffixull.o)
    0x000065a8   0x000065a8   0x00000004   Code   RO         2501    x$fpl$printf1       C:\Keil_v5\ARM\ARMCC\Bin\..\lib\armlib\fz_ws.l(printf1.o)
    0x000065ac   0x000065ac   0x00000004   Code   RO         2747    x$fpl$printf2       C:\Keil_v5\ARM\ARMCC\Bin\..\lib\armlib\fz_ws.l(printf2.o)
    0x000065b0   0x000065b0   0x00000064   Code   RO         3004    x$fpl$retnan        C:\Keil_v5\ARM\ARMCC\Bin\..\lib\armlib\fz_ws.l(retnan.o)
    0x00006614   0x00006614   0x0000005c   Code   RO         2753    x$fpl$scalbn        C:\Keil_v5\ARM\ARMCC\Bin\..\lib\armlib\fz_ws.l(scalbn.o)
    0x00006670   0x00006670   0x00000030   Code   RO         3044    x$fpl$trapveneer    C:\Keil_v5\ARM\ARMCC\Bin\..\lib\armlib\fz_ws.l(trapv.o)
    0x000066a0   0x000066a0   0x00000000   Code   RO         2757    x$fpl$usenofp       C:\Keil_v5\ARM\ARMCC\Bin\..\lib\armlib\fz_ws.l(usenofp.o)
    0x000066a0   0x000066a0   0x0000006c   Data   RO            7    .constdata          mbed/TARGET_ARCH_PRO/TOOLCHAIN_ARM_STD/analogin_api.o
    0x0000670c   0x0000670c   0x00000098   Data   RO          184    .constdata          mbed/TARGET_ARCH_PRO/TOOLCHAIN_ARM_STD/i2c_api.o
    0x000067a4   0x000067a4   0x00000028   Data   RO          355    .constdata          mbed/TARGET_ARCH_PRO/TOOLCHAIN_ARM_STD/mbed_retarget.o
    0x000067cc   0x000067cc   0x00000120   Data   RO          652    .constdata          mbed/TARGET_ARCH_PRO/TOOLCHAIN_ARM_STD/serial_api.o
    0x000068ec   0x000068ec   0x0000001c   Data   RO         1785    .constdata          mbed/TARGET_ARCH_PRO/TOOLCHAIN_ARM_STD/mbed.ar(mbed_us_ticker_api.o)
    0x00006908   0x00006908   0x00000008   Data   RO         1786    .constdata          mbed/TARGET_ARCH_PRO/TOOLCHAIN_ARM_STD/mbed.ar(mbed_us_ticker_api.o)
    0x00006910   0x00006910   0x00000011   Data   RO         2261    .constdata          C:\Keil_v5\ARM\ARMCC\Bin\..\lib\armlib\c_w.l(__printf_flags_ss_wp.o)
    0x00006921   0x00006921   0x00000007   PAD
    0x00006928   0x00006928   0x00000038   Data   RO         2509    .constdata          C:\Keil_v5\ARM\ARMCC\Bin\..\lib\armlib\m_ws.l(log.o)
    0x00006960   0x00006960   0x00000008   Data   RO         2575    .constdata          C:\Keil_v5\ARM\ARMCC\Bin\..\lib\armlib\c_w.l(_printf_wctomb.o)
    0x00006968   0x00006968   0x00000028   Data   RO         2604    .constdata          C:\Keil_v5\ARM\ARMCC\Bin\..\lib\armlib\c_w.l(_printf_hex_int_ll_ptr.o)
    0x00006990   0x00006990   0x00000008   Data   RO         2774    .constdata          C:\Keil_v5\ARM\ARMCC\Bin\..\lib\armlib\m_ws.l(qnan.o)
    0x00006998   0x00006998   0x00000026   Data   RO         2810    .constdata          C:\Keil_v5\ARM\ARMCC\Bin\..\lib\armlib\c_w.l(_printf_fp_hex.o)
    0x000069be   0x000069be   0x00000002   PAD
    0x000069c0   0x000069c0   0x00000094   Data   RO         2833    .constdata          C:\Keil_v5\ARM\ARMCC\Bin\..\lib\armlib\c_w.l(bigflt0.o)
    0x00006a54   0x00006a54   0x0000004c   Data   RO          458    .constdata__ZTV12DirectSerial  mbed/TARGET_ARCH_PRO/TOOLCHAIN_ARM_STD/mbed_retarget.o
    0x00006aa0   0x00006aa0   0x0000004c   Data   RO         1941    .constdata__ZTVN4mbed10FileHandleE  mbed/TARGET_ARCH_PRO/TOOLCHAIN_ARM_STD/mbed.ar(FileHandle.o)
    0x00006aec   0x00006aec   0x00000018   Data   RO         1752    .constdata__ZTVN4mbed10SerialBaseE  mbed/TARGET_ARCH_PRO/TOOLCHAIN_ARM_STD/mbed.ar(SerialBase.o)
    0x00006b04   0x00006b04   0x00000014   Data   RO         1495    .constdata__ZTVN4mbed10TimerEventE  mbed/TARGET_ARCH_PRO/TOOLCHAIN_ARM_STD/mbed.ar(TimerEvent.o)
    0x00006b18   0x00006b18   0x00000018   Data   RO         1579    .constdata__ZTVN4mbed3I2CE  mbed/TARGET_ARCH_PRO/TOOLCHAIN_ARM_STD/mbed.ar(I2C.o)
    0x00006b30   0x00006b30   0x0000008c   Data   RO         1644    .constdata__ZTVN4mbed6SerialE  mbed/TARGET_ARCH_PRO/TOOLCHAIN_ARM_STD/mbed.ar(Serial.o)
    0x00006bbc   0x00006bbc   0x0000006c   Data   RO         2050    .constdata__ZTVN4mbed6StreamE  mbed/TARGET_ARCH_PRO/TOOLCHAIN_ARM_STD/mbed.ar(Stream.o)
    0x00006c28   0x00006c28   0x00000014   Data   RO         1516    .constdata__ZTVN4mbed6TickerE  mbed/TARGET_ARCH_PRO/TOOLCHAIN_ARM_STD/mbed.ar(Ticker.o)
    0x00006c3c   0x00006c3c   0x00000018   Data   RO          971    .constdata__ZTVN4mbed8AnalogInE  .\build\main.o
    0x00006c54   0x00006c54   0x00000010   Data   RO         2150    .constdata__ZTVN4mbed8FileBaseE  mbed/TARGET_ARCH_PRO/TOOLCHAIN_ARM_STD/mbed.ar(FileBase.o)
    0x00006c64   0x00006c64   0x00000014   Data   RO          461    .constdata__ZZN12SingletonPtrI13PlatformMutexE3getEvEs  mbed/TARGET_ARCH_PRO/TOOLCHAIN_ARM_STD/mbed_retarget.o
    0x00006c78   0x00006c78   0x0000005f   Data   RO          462    .constdata__ZZN12SingletonPtrI13PlatformMutexE3getEvEs_0  mbed/TARGET_ARCH_PRO/TOOLCHAIN_ARM_STD/mbed_retarget.o
    0x00006cd7   0x00006cd7   0x00000001   PAD
    0x00006cd8   0x00006cd8   0x0000000c   Data   RO          972    .constdata__ZZN4mbed8CallbackIFvvEE8generateIPS1_EEvRKT_E3ops  .\build\main.o
    0x00006ce4   0x00006ce4   0x0000006d   Data   RO            8    .conststring        mbed/TARGET_ARCH_PRO/TOOLCHAIN_ARM_STD/analogin_api.o
    0x00006d51   0x00006d51   0x00000003   PAD
    0x00006d54   0x00006d54   0x00000069   Data   RO          141    .conststring        mbed/TARGET_ARCH_PRO/TOOLCHAIN_ARM_STD/gpio_api.o
    0x00006dbd   0x00006dbd   0x00000003   PAD
    0x00006dc0   0x00006dc0   0x00000068   Data   RO          185    .conststring        mbed/TARGET_ARCH_PRO/TOOLCHAIN_ARM_STD/i2c_api.o
    0x00006e28   0x00006e28   0x0000007f   Data   RO          212    .conststring        mbed/TARGET_ARCH_PRO/TOOLCHAIN_ARM_STD/mbed_board.o
    0x00006ea7   0x00006ea7   0x00000001   PAD
    0x00006ea8   0x00006ea8   0x00000057   Data   RO          356    .conststring        mbed/TARGET_ARCH_PRO/TOOLCHAIN_ARM_STD/mbed_retarget.o
    0x00006eff   0x00006eff   0x00000001   PAD
    0x00006f00   0x00006f00   0x00000067   Data   RO          558    .conststring        mbed/TARGET_ARCH_PRO/TOOLCHAIN_ARM_STD/pinmap.o
    0x00006f67   0x00006f67   0x00000001   PAD
    0x00006f68   0x00006f68   0x0000006b   Data   RO          653    .conststring        mbed/TARGET_ARCH_PRO/TOOLCHAIN_ARM_STD/serial_api.o
    0x00006fd3   0x00006fd3   0x00000001   PAD
    0x00006fd4   0x00006fd4   0x00000052   Data   RO         1818    .conststring        mbed/TARGET_ARCH_PRO/TOOLCHAIN_ARM_STD/mbed.ar(mbed_ticker_api.o)
    0x00007026   0x00007026   0x00000002   PAD
    0x00007028   0x00007028   0x00000055   Data   RO         1880    .conststring        mbed/TARGET_ARCH_PRO/TOOLCHAIN_ARM_STD/mbed.ar(mbed_critical.o)
    0x0000707d   0x0000707d   0x00000003   PAD
    0x00007080   0x00007080   0x00000052   Data   RO         1919    .conststring        mbed/TARGET_ARCH_PRO/TOOLCHAIN_ARM_STD/mbed.ar(FilePath.o)
    0x000070d2   0x000070d2   0x00000002   PAD
    0x000070d4   0x000070d4   0x0000005c   Data   RO         2071    .conststring        mbed/TARGET_ARCH_PRO/TOOLCHAIN_ARM_STD/mbed.ar(mbed_critical_section_api.o)
    0x00007130   0x00007130   0x00000020   Data   RO         3072    Region$$Table       anon$$obj.o
    0x00007150   0x00007150   0x0000001c   Data   RO         2887    locale$$data        C:\Keil_v5\ARM\ARMCC\Bin\..\lib\armlib\c_w.l(lc_numeric_c.o)
    0x0000716c   0x0000716c   0x00000110   Data   RO         3031    locale$$data        C:\Keil_v5\ARM\ARMCC\Bin\..\lib\armlib\c_w.l(lc_ctype_c.o)
    0x0000727c   0x0000727c   0x00000004   Data   RO          783    .init_array         .\build\main.o
    0x00007280   0x0000727c   0x00000000   Data   RO         2323    .init_array         C:\Keil_v5\ARM\ARMCC\Bin\..\lib\armlib\c_w.l(init_aeabi.o)


    Execution Region RW_IRAM1 (Exec base: 0x100000c8, Load base: 0x00007280, Size: 0x00000548, Max: 0x00007f18, ABSOLUTE)

    Exec Addr    Load Addr    Size         Type   Attr      Idx    E Section Name        Object

    0x100000c8   0x00007280   0x00000058   Data   RW          359    .data               mbed/TARGET_ARCH_PRO/TOOLCHAIN_ARM_STD/mbed_retarget.o
    0x10000120   0x000072d8   0x00000010   Data   RW          654    .data               mbed/TARGET_ARCH_PRO/TOOLCHAIN_ARM_STD/serial_api.o
    0x10000130   0x000072e8   0x00000004   Data   RW          725    .data               mbed/TARGET_ARCH_PRO/TOOLCHAIN_ARM_STD/system_LPC17xx.o
    0x10000134   0x000072ec   0x00000004   Data   RW          740    .data               mbed/TARGET_ARCH_PRO/TOOLCHAIN_ARM_STD/us_ticker.o
    0x10000138   0x000072f0   0x00000024   Data   RW          782    .data               .\build\main.o
    0x1000015c   0x00007314   0x00000008   Data   RW         1459    .data               mbed/TARGET_ARCH_PRO/TOOLCHAIN_ARM_STD/mbed.ar(AnalogIn.o)
    0x10000164   0x0000731c   0x0000000c   Data   RW         1555    .data               mbed/TARGET_ARCH_PRO/TOOLCHAIN_ARM_STD/mbed.ar(I2C.o)
    0x10000170   0x00007328   0x00000002   Data   RW         1674    .data               mbed/TARGET_ARCH_PRO/TOOLCHAIN_ARM_STD/mbed.ar(mbed_sleep_manager.o)
    0x10000172   0x0000732a   0x00000002   PAD
    0x10000174   0x0000732c   0x00000004   Data   RW         1787    .data               mbed/TARGET_ARCH_PRO/TOOLCHAIN_ARM_STD/mbed.ar(mbed_us_ticker_api.o)
    0x10000178   0x00007330   0x00000001   Data   RW         1798    .data               mbed/TARGET_ARCH_PRO/TOOLCHAIN_ARM_STD/mbed.ar(mbed_error.o)
    0x10000179   0x00007331   0x00000003   PAD
    0x1000017c   0x00007334   0x00000004   Data   RW         1881    .data               mbed/TARGET_ARCH_PRO/TOOLCHAIN_ARM_STD/mbed.ar(mbed_critical.o)
    0x10000180   0x00007338   0x00000002   Data   RW         2072    .data               mbed/TARGET_ARCH_PRO/TOOLCHAIN_ARM_STD/mbed.ar(mbed_critical_section_api.o)
    0x10000182   0x0000733a   0x00000002   PAD
    0x10000184   0x0000733c   0x0000000c   Data   RW         2138    .data               mbed/TARGET_ARCH_PRO/TOOLCHAIN_ARM_STD/mbed.ar(FileBase.o)
    0x10000190   0x00007348   0x00000004   Data   RW         2289    .data               C:\Keil_v5\ARM\ARMCC\Bin\..\lib\armlib\c_w.l(stdio_streams.o)
    0x10000194   0x0000734c   0x00000004   Data   RW         2290    .data               C:\Keil_v5\ARM\ARMCC\Bin\..\lib\armlib\c_w.l(stdio_streams.o)
    0x10000198   0x00007350   0x00000004   Data   RW         2291    .data               C:\Keil_v5\ARM\ARMCC\Bin\..\lib\armlib\c_w.l(stdio_streams.o)
    0x1000019c   0x00007354   0x00000004   Data   RW         2905    .data               C:\Keil_v5\ARM\ARMCC\Bin\..\lib\armlib\c_w.l(heapauxa.o)
    0x100001a0        -       0x00000121   Zero   RW          354    .bss                mbed/TARGET_ARCH_PRO/TOOLCHAIN_ARM_STD/mbed_retarget.o
    0x100002c1   0x00007358   0x00000003   PAD
    0x100002c4        -       0x000000e0   Zero   RW          651    .bss                mbed/TARGET_ARCH_PRO/TOOLCHAIN_ARM_STD/serial_api.o
    0x100003a4   0x00007358   0x00000004   PAD
    0x100003a8        -       0x00000110   Zero   RW          781    .bss                .\build\main.o
    0x100004b8        -       0x00000040   Zero   RW         1784    .bss                mbed/TARGET_ARCH_PRO/TOOLCHAIN_ARM_STD/mbed.ar(mbed_us_ticker_api.o)
    0x100004f8        -       0x00000004   Zero   RW         2161    .bss                C:\Keil_v5\ARM\ARMCC\Bin\..\lib\armlib\c_w.l(rt_errno_addr.o)
    0x100004fc        -       0x00000054   Zero   RW         2286    .bss                C:\Keil_v5\ARM\ARMCC\Bin\..\lib\armlib\c_w.l(stdio_streams.o)
    0x10000550        -       0x00000054   Zero   RW         2287    .bss                C:\Keil_v5\ARM\ARMCC\Bin\..\lib\armlib\c_w.l(stdio_streams.o)
    0x100005a4        -       0x00000054   Zero   RW         2288    .bss                C:\Keil_v5\ARM\ARMCC\Bin\..\lib\armlib\c_w.l(stdio_streams.o)
    0x100005f8        -       0x00000004   Zero   RW         2528    .bss                C:\Keil_v5\ARM\ARMCC\Bin\..\lib\armlib\c_w.l(rt_heap_descriptor.o)
    0x100005fc        -       0x00000014   Zero   RW         2795    .bss                C:\Keil_v5\ARM\ARMCC\Bin\..\lib\armlib\c_w.l(rt_locale.o)


    Execution Region RW_IRAM2 (Exec base: 0x2007c000, Load base: 0x00007358, Size: 0x00000000, Max: 0x00004000, ABSOLUTE)

    **** No section assigned to this execution region ****


    Execution Region RW_IRAM3 (Exec base: 0x20080000, Load base: 0x00007358, Size: 0x00000000, Max: 0x00004000, ABSOLUTE)

    **** No section assigned to this execution region ****


    Execution Region RW_IRAM4 (Exec base: 0x40038000, Load base: 0x00007358, Size: 0x00000000, Max: 0x00000800, ABSOLUTE)

    **** No section assigned to this execution region ****


==============================================================================

Image component sizes


      Code (inc. data)   RO Data    RW Data    ZI Data      Debug   Object Name

         0          0          4          0          0          0   mbed/TARGET_ARCH_PRO/TOOLCHAIN_ARM_STD/CRP.o
       360         58        217          0          0        172   mbed/TARGET_ARCH_PRO/TOOLCHAIN_ARM_STD/analogin_api.o
       148         30        105          0          0        228   mbed/TARGET_ARCH_PRO/TOOLCHAIN_ARM_STD/gpio_api.o
       592         60        256          0          0        320   mbed/TARGET_ARCH_PRO/TOOLCHAIN_ARM_STD/i2c_api.o
      1742        228         40         36        272      78841   .\build\main.o
       360         58        127          0          0        260   mbed/TARGET_ARCH_PRO/TOOLCHAIN_ARM_STD/mbed_board.o
      1612        254        318         88        289       2084   mbed/TARGET_ARCH_PRO/TOOLCHAIN_ARM_STD/mbed_retarget.o
        46          4          0          0          0        292   mbed/TARGET_ARCH_PRO/TOOLCHAIN_ARM_STD/mbed_sdk_boot.o
       236         48        103          0          0        160   mbed/TARGET_ARCH_PRO/TOOLCHAIN_ARM_STD/pinmap.o
      1696        178        395         16        224       1024   mbed/TARGET_ARCH_PRO/TOOLCHAIN_ARM_STD/serial_api.o
        36          8        196          0          0        228   mbed/TARGET_ARCH_PRO/TOOLCHAIN_ARM_STD/startup_LPC17xx.o
       160         10          0          4          0         68   mbed/TARGET_ARCH_PRO/TOOLCHAIN_ARM_STD/system_LPC17xx.o
       264         72          0          4          0        408   mbed/TARGET_ARCH_PRO/TOOLCHAIN_ARM_STD/us_ticker.o

    ----------------------------------------------------------------------
      7262       1008       1804        148        792      84085   Object Totals
         0          0         32          0          0          0   (incl. Generated)
        10          0         11          0          7          0   (incl. Padding)

    ----------------------------------------------------------------------

      Code (inc. data)   RO Data    RW Data    ZI Data      Debug   Library Member Name

        44          6          0          0          0         84   C:\Keil_v5\ARM\ARMCC\Bin\..\lib\armlib\c_w.l(__2sprintf.o)
         8          0          0          0          0         68   C:\Keil_v5\ARM\ARMCC\Bin\..\lib\armlib\c_w.l(__main.o)
       392          4         17          0          0         92   C:\Keil_v5\ARM\ARMCC\Bin\..\lib\armlib\c_w.l(__printf_flags_ss_wp.o)
        14          0          0          0          0         68   C:\Keil_v5\ARM\ARMCC\Bin\..\lib\armlib\c_w.l(__printf_wp.o)
         0          0          0          0          0          0   C:\Keil_v5\ARM\ARMCC\Bin\..\lib\armlib\c_w.l(__rtentry.o)
        20          0          0          0          0          0   C:\Keil_v5\ARM\ARMCC\Bin\..\lib\armlib\c_w.l(__rtentry2.o)
         6          0          0          0          0          0   C:\Keil_v5\ARM\ARMCC\Bin\..\lib\armlib\c_w.l(__rtentry4.o)
        52          8          0          0          0          0   C:\Keil_v5\ARM\ARMCC\Bin\..\lib\armlib\c_w.l(__scatter.o)
        26          0          0          0          0          0   C:\Keil_v5\ARM\ARMCC\Bin\..\lib\armlib\c_w.l(__scatter_copy.o)
        28          0          0          0          0          0   C:\Keil_v5\ARM\ARMCC\Bin\..\lib\armlib\c_w.l(__scatter_zi.o)
         6          0          0          0          0          0   C:\Keil_v5\ARM\ARMCC\Bin\..\lib\armlib\c_w.l(_printf_a.o)
         6          0          0          0          0          0   C:\Keil_v5\ARM\ARMCC\Bin\..\lib\armlib\c_w.l(_printf_c.o)
        44          0          0          0          0        108   C:\Keil_v5\ARM\ARMCC\Bin\..\lib\armlib\c_w.l(_printf_char.o)
        48          6          0          0          0         96   C:\Keil_v5\ARM\ARMCC\Bin\..\lib\armlib\c_w.l(_printf_char_common.o)
        40          0          0          0          0         68   C:\Keil_v5\ARM\ARMCC\Bin\..\lib\armlib\c_w.l(_printf_charcount.o)
         6          0          0          0          0          0   C:\Keil_v5\ARM\ARMCC\Bin\..\lib\armlib\c_w.l(_printf_d.o)
       120         16          0          0          0         92   C:\Keil_v5\ARM\ARMCC\Bin\..\lib\armlib\c_w.l(_printf_dec.o)
         6          0          0          0          0          0   C:\Keil_v5\ARM\ARMCC\Bin\..\lib\armlib\c_w.l(_printf_e.o)
         6          0          0          0          0          0   C:\Keil_v5\ARM\ARMCC\Bin\..\lib\armlib\c_w.l(_printf_f.o)
      1054          0          0          0          0        216   C:\Keil_v5\ARM\ARMCC\Bin\..\lib\armlib\c_w.l(_printf_fp_dec.o)
       764          8         38          0          0        100   C:\Keil_v5\ARM\ARMCC\Bin\..\lib\armlib\c_w.l(_printf_fp_hex.o)
       128         16          0          0          0         84   C:\Keil_v5\ARM\ARMCC\Bin\..\lib\armlib\c_w.l(_printf_fp_infnan.o)
         6          0          0          0          0          0   C:\Keil_v5\ARM\ARMCC\Bin\..\lib\armlib\c_w.l(_printf_g.o)
       148          4         40          0          0        160   C:\Keil_v5\ARM\ARMCC\Bin\..\lib\armlib\c_w.l(_printf_hex_int_ll_ptr.o)
         6          0          0          0          0          0   C:\Keil_v5\ARM\ARMCC\Bin\..\lib\armlib\c_w.l(_printf_i.o)
       178          0          0          0          0         88   C:\Keil_v5\ARM\ARMCC\Bin\..\lib\armlib\c_w.l(_printf_intcommon.o)
        10          0          0          0          0          0   C:\Keil_v5\ARM\ARMCC\Bin\..\lib\armlib\c_w.l(_printf_l.o)
         6          0          0          0          0          0   C:\Keil_v5\ARM\ARMCC\Bin\..\lib\armlib\c_w.l(_printf_lc.o)
        10          0          0          0          0          0   C:\Keil_v5\ARM\ARMCC\Bin\..\lib\armlib\c_w.l(_printf_ll.o)
         6          0          0          0          0          0   C:\Keil_v5\ARM\ARMCC\Bin\..\lib\armlib\c_w.l(_printf_lld.o)
         6          0          0          0          0          0   C:\Keil_v5\ARM\ARMCC\Bin\..\lib\armlib\c_w.l(_printf_lli.o)
         6          0          0          0          0          0   C:\Keil_v5\ARM\ARMCC\Bin\..\lib\armlib\c_w.l(_printf_llo.o)
         6          0          0          0          0          0   C:\Keil_v5\ARM\ARMCC\Bin\..\lib\armlib\c_w.l(_printf_llu.o)
         6          0          0          0          0          0   C:\Keil_v5\ARM\ARMCC\Bin\..\lib\armlib\c_w.l(_printf_llx.o)
       124         16          0          0          0         92   C:\Keil_v5\ARM\ARMCC\Bin\..\lib\armlib\c_w.l(_printf_longlong_dec.o)
         6          0          0          0          0          0   C:\Keil_v5\ARM\ARMCC\Bin\..\lib\armlib\c_w.l(_printf_ls.o)
         6          0          0          0          0          0   C:\Keil_v5\ARM\ARMCC\Bin\..\lib\armlib\c_w.l(_printf_n.o)
         6          0          0          0          0          0   C:\Keil_v5\ARM\ARMCC\Bin\..\lib\armlib\c_w.l(_printf_o.o)
       112         10          0          0          0        124   C:\Keil_v5\ARM\ARMCC\Bin\..\lib\armlib\c_w.l(_printf_oct_int_ll.o)
         6          0          0          0          0          0   C:\Keil_v5\ARM\ARMCC\Bin\..\lib\armlib\c_w.l(_printf_p.o)
        78          0          0          0          0        108   C:\Keil_v5\ARM\ARMCC\Bin\..\lib\armlib\c_w.l(_printf_pad.o)
         0          0          0          0          0          0   C:\Keil_v5\ARM\ARMCC\Bin\..\lib\armlib\c_w.l(_printf_percent.o)
         4          0          0          0          0          0   C:\Keil_v5\ARM\ARMCC\Bin\..\lib\armlib\c_w.l(_printf_percent_end.o)
         6          0          0          0          0          0   C:\Keil_v5\ARM\ARMCC\Bin\..\lib\armlib\c_w.l(_printf_s.o)
        82          0          0          0          0         80   C:\Keil_v5\ARM\ARMCC\Bin\..\lib\armlib\c_w.l(_printf_str.o)
        36          0          0          0          0         84   C:\Keil_v5\ARM\ARMCC\Bin\..\lib\armlib\c_w.l(_printf_truncate.o)
         6          0          0          0          0          0   C:\Keil_v5\ARM\ARMCC\Bin\..\lib\armlib\c_w.l(_printf_u.o)
        44          0          0          0          0        108   C:\Keil_v5\ARM\ARMCC\Bin\..\lib\armlib\c_w.l(_printf_wchar.o)
       188          6          8          0          0         92   C:\Keil_v5\ARM\ARMCC\Bin\..\lib\armlib\c_w.l(_printf_wctomb.o)
         6          0          0          0          0          0   C:\Keil_v5\ARM\ARMCC\Bin\..\lib\armlib\c_w.l(_printf_x.o)
        22          0          0          0          0        100   C:\Keil_v5\ARM\ARMCC\Bin\..\lib\armlib\c_w.l(_rserrno.o)
        16          0          0          0          0         68   C:\Keil_v5\ARM\ARMCC\Bin\..\lib\armlib\c_w.l(_snputc.o)
        10          0          0          0          0         68   C:\Keil_v5\ARM\ARMCC\Bin\..\lib\armlib\c_w.l(_sputc.o)
        64          0          0          0          0         92   C:\Keil_v5\ARM\ARMCC\Bin\..\lib\armlib\c_w.l(_wcrtomb.o)
       228          4        148          0          0         96   C:\Keil_v5\ARM\ARMCC\Bin\..\lib\armlib\c_w.l(bigflt0.o)
      1936        128          0          0          0        672   C:\Keil_v5\ARM\ARMCC\Bin\..\lib\armlib\c_w.l(btod.o)
        10          0          0          0          0         68   C:\Keil_v5\ARM\ARMCC\Bin\..\lib\armlib\c_w.l(defsig_exit.o)
        50          0          0          0          0         88   C:\Keil_v5\ARM\ARMCC\Bin\..\lib\armlib\c_w.l(defsig_general.o)
        48         34          0          0          0         76   C:\Keil_v5\ARM\ARMCC\Bin\..\lib\armlib\c_w.l(defsig_pvfn_inner.o)
        14          0          0          0          0         80   C:\Keil_v5\ARM\ARMCC\Bin\..\lib\armlib\c_w.l(defsig_pvfn_outer.o)
        80         58          0          0          0         76   C:\Keil_v5\ARM\ARMCC\Bin\..\lib\armlib\c_w.l(defsig_rtmem_inner.o)
        14          0          0          0          0         80   C:\Keil_v5\ARM\ARMCC\Bin\..\lib\armlib\c_w.l(defsig_rtmem_outer.o)
        52         38          0          0          0         76   C:\Keil_v5\ARM\ARMCC\Bin\..\lib\armlib\c_w.l(defsig_rtred_inner.o)
        14          0          0          0          0         80   C:\Keil_v5\ARM\ARMCC\Bin\..\lib\armlib\c_w.l(defsig_rtred_outer.o)
        76          0          0          0          0         88   C:\Keil_v5\ARM\ARMCC\Bin\..\lib\armlib\c_w.l(fclose.o)
       100          4          0          0          0        120   C:\Keil_v5\ARM\ARMCC\Bin\..\lib\armlib\c_w.l(fflush.o)
       236          4          0          0          0        128   C:\Keil_v5\ARM\ARMCC\Bin\..\lib\armlib\c_w.l(fopen.o)
       248          6          0          0          0         84   C:\Keil_v5\ARM\ARMCC\Bin\..\lib\armlib\c_w.l(fseek.o)
        66          0          0          0          0         76   C:\Keil_v5\ARM\ARMCC\Bin\..\lib\armlib\c_w.l(ftell.o)
        94          0          0          0          0         80   C:\Keil_v5\ARM\ARMCC\Bin\..\lib\armlib\c_w.l(h1_alloc.o)
        52          0          0          0          0         68   C:\Keil_v5\ARM\ARMCC\Bin\..\lib\armlib\c_w.l(h1_extend.o)
        78          0          0          0          0         80   C:\Keil_v5\ARM\ARMCC\Bin\..\lib\armlib\c_w.l(h1_free.o)
        14          0          0          0          0         84   C:\Keil_v5\ARM\ARMCC\Bin\..\lib\armlib\c_w.l(h1_init.o)
        80          6          0          4          0         96   C:\Keil_v5\ARM\ARMCC\Bin\..\lib\armlib\c_w.l(heapauxa.o)
         4          0          0          0          0        136   C:\Keil_v5\ARM\ARMCC\Bin\..\lib\armlib\c_w.l(hguard.o)
         0          0          0          0          0          0   C:\Keil_v5\ARM\ARMCC\Bin\..\lib\armlib\c_w.l(indicate_semi.o)
        36         10          0          0          0         80   C:\Keil_v5\ARM\ARMCC\Bin\..\lib\armlib\c_w.l(init_aeabi.o)
       138          0          0          0          0        168   C:\Keil_v5\ARM\ARMCC\Bin\..\lib\armlib\c_w.l(init_alloc.o)
       312         46          0          0          0        112   C:\Keil_v5\ARM\ARMCC\Bin\..\lib\armlib\c_w.l(initio.o)
        44         10        272          0          0         76   C:\Keil_v5\ARM\ARMCC\Bin\..\lib\armlib\c_w.l(lc_ctype_c.o)
        44         10         28          0          0         76   C:\Keil_v5\ARM\ARMCC\Bin\..\lib\armlib\c_w.l(lc_numeric_c.o)
         2          0          0          0          0          0   C:\Keil_v5\ARM\ARMCC\Bin\..\lib\armlib\c_w.l(libinit.o)
        46          0          0          0          0          0   C:\Keil_v5\ARM\ARMCC\Bin\..\lib\armlib\c_w.l(libinit2.o)
         0          0          0          0          0          0   C:\Keil_v5\ARM\ARMCC\Bin\..\lib\armlib\c_w.l(libshutdown2.o)
        38          0          0          0          0         68   C:\Keil_v5\ARM\ARMCC\Bin\..\lib\armlib\c_w.l(llshl.o)
       138          0          0          0          0         80   C:\Keil_v5\ARM\ARMCC\Bin\..\lib\armlib\c_w.l(lludiv10.o)
       238          0          0          0          0        100   C:\Keil_v5\ARM\ARMCC\Bin\..\lib\armlib\c_w.l(lludivv7m.o)
         0          0          0          0          0          0   C:\Keil_v5\ARM\ARMCC\Bin\..\lib\armlib\c_w.l(maybetermalloc1.o)
        16          4          0          0          0         76   C:\Keil_v5\ARM\ARMCC\Bin\..\lib\armlib\c_w.l(rt_ctype_table.o)
         8          4          0          0          4         68   C:\Keil_v5\ARM\ARMCC\Bin\..\lib\armlib\c_w.l(rt_errno_addr.o)
         8          4          0          0          4         68   C:\Keil_v5\ARM\ARMCC\Bin\..\lib\armlib\c_w.l(rt_heap_descriptor.o)
         8          4          0          0         20         68   C:\Keil_v5\ARM\ARMCC\Bin\..\lib\armlib\c_w.l(rt_locale.o)
        78          0          0          0          0         80   C:\Keil_v5\ARM\ARMCC\Bin\..\lib\armlib\c_w.l(rt_memclr_w.o)
       100          0          0          0          0         80   C:\Keil_v5\ARM\ARMCC\Bin\..\lib\armlib\c_w.l(rt_memcpy_w.o)
        20          0          0          0          0         68   C:\Keil_v5\ARM\ARMCC\Bin\..\lib\armlib\c_w.l(setbuf.o)
        70          0          0          0          0         80   C:\Keil_v5\ARM\ARMCC\Bin\..\lib\armlib\c_w.l(setvbuf.o)
       240          6          0          0          0        156   C:\Keil_v5\ARM\ARMCC\Bin\..\lib\armlib\c_w.l(stdio.o)
         0          0          0         12        252          0   C:\Keil_v5\ARM\ARMCC\Bin\..\lib\armlib\c_w.l(stdio_streams.o)
       128          0          0          0          0         68   C:\Keil_v5\ARM\ARMCC\Bin\..\lib\armlib\c_w.l(strcmpv7m.o)
        62          0          0          0          0         76   C:\Keil_v5\ARM\ARMCC\Bin\..\lib\armlib\c_w.l(strlen.o)
       150          0          0          0          0         80   C:\Keil_v5\ARM\ARMCC\Bin\..\lib\armlib\c_w.l(strncmp.o)
        28          0          0          0          0         80   C:\Keil_v5\ARM\ARMCC\Bin\..\lib\armlib\c_w.l(strspn.o)
        12          4          0          0          0         68   C:\Keil_v5\ARM\ARMCC\Bin\..\lib\armlib\c_w.l(sys_exit.o)
        14          0          0          0          0         76   C:\Keil_v5\ARM\ARMCC\Bin\..\lib\armlib\c_w.l(sys_wrch.o)
         2          0          0          0          0         68   C:\Keil_v5\ARM\ARMCC\Bin\..\lib\armlib\c_w.l(use_no_semi.o)
        52          4          0          0          0         80   C:\Keil_v5\ARM\ARMCC\Bin\..\lib\armlib\c_w.l(vsnprintf.o)
        36          0          0          0          0         84   C:\Keil_v5\ARM\ARMCC\Bin\..\lib\cpplib\cpprt_w.l(aeabi_vec_ctor_nocookie_nodtor.o)
        34          0          0          0          0         84   C:\Keil_v5\ARM\ARMCC\Bin\..\lib\cpplib\cpprt_w.l(aeabi_vec_dtor_noexceptions.o)
         6          0          0          0          0         68   C:\Keil_v5\ARM\ARMCC\Bin\..\lib\cpplib\cpprt_w.l(pure_virt.o)
        98          4          0          0          0         92   C:\Keil_v5\ARM\ARMCC\Bin\..\lib\armlib\fz_ws.l(d2f.o)
       826         16          0          0          0        348   C:\Keil_v5\ARM\ARMCC\Bin\..\lib\armlib\fz_ws.l(daddsub_clz.o)
        16          4          0          0          0         68   C:\Keil_v5\ARM\ARMCC\Bin\..\lib\armlib\fz_ws.l(dcheck1.o)
        24          0          0          0          0         68   C:\Keil_v5\ARM\ARMCC\Bin\..\lib\armlib\fz_ws.l(dcmpi.o)
       688        140          0          0          0        208   C:\Keil_v5\ARM\ARMCC\Bin\..\lib\armlib\fz_ws.l(ddiv.o)
       120          4          0          0          0         92   C:\Keil_v5\ARM\ARMCC\Bin\..\lib\armlib\fz_ws.l(deqf.o)
        46          0          0          0          0         68   C:\Keil_v5\ARM\ARMCC\Bin\..\lib\armlib\fz_ws.l(dflt_clz.o)
       340         12          0          0          0        104   C:\Keil_v5\ARM\ARMCC\Bin\..\lib\armlib\fz_ws.l(dmul.o)
       156          4          0          0          0         92   C:\Keil_v5\ARM\ARMCC\Bin\..\lib\armlib\fz_ws.l(dnaninf.o)
        12          0          0          0          0         68   C:\Keil_v5\ARM\ARMCC\Bin\..\lib\armlib\fz_ws.l(dretinf.o)
        86          4          0          0          0         84   C:\Keil_v5\ARM\ARMCC\Bin\..\lib\armlib\fz_ws.l(f2d.o)
        54          4          0          0          0         84   C:\Keil_v5\ARM\ARMCC\Bin\..\lib\armlib\fz_ws.l(ffix.o)
        92          4          0          0          0         84   C:\Keil_v5\ARM\ARMCC\Bin\..\lib\armlib\fz_ws.l(ffixull.o)
        38          0          0          0          0         68   C:\Keil_v5\ARM\ARMCC\Bin\..\lib\armlib\fz_ws.l(fflt_clz.o)
       258          4          0          0          0         84   C:\Keil_v5\ARM\ARMCC\Bin\..\lib\armlib\fz_ws.l(fmul.o)
       140          4          0          0          0         84   C:\Keil_v5\ARM\ARMCC\Bin\..\lib\armlib\fz_ws.l(fnaninf.o)
        10          0          0          0          0         68   C:\Keil_v5\ARM\ARMCC\Bin\..\lib\armlib\fz_ws.l(fretinf.o)
         4          0          0          0          0         68   C:\Keil_v5\ARM\ARMCC\Bin\..\lib\armlib\fz_ws.l(printf1.o)
         4          0          0          0          0         68   C:\Keil_v5\ARM\ARMCC\Bin\..\lib\armlib\fz_ws.l(printf2.o)
       100          0          0          0          0         68   C:\Keil_v5\ARM\ARMCC\Bin\..\lib\armlib\fz_ws.l(retnan.o)
        92          0          0          0          0         68   C:\Keil_v5\ARM\ARMCC\Bin\..\lib\armlib\fz_ws.l(scalbn.o)
        48          0          0          0          0         68   C:\Keil_v5\ARM\ARMCC\Bin\..\lib\armlib\fz_ws.l(trapv.o)
         0          0          0          0          0          0   C:\Keil_v5\ARM\ARMCC\Bin\..\lib\armlib\fz_ws.l(usenofp.o)
        34          4          0          0          0        204   C:\Keil_v5\ARM\ARMCC\Bin\..\lib\armlib\m_ws.l(dunder.o)
        40          0          0          0          0         68   C:\Keil_v5\ARM\ARMCC\Bin\..\lib\armlib\m_ws.l(fpclassify.o)
       860         52         56          0          0        256   C:\Keil_v5\ARM\ARMCC\Bin\..\lib\armlib\m_ws.l(log.o)
       170          0          0          0          0         96   C:\Keil_v5\ARM\ARMCC\Bin\..\lib\armlib\m_ws.l(poly.o)
         0          0          8          0          0          0   C:\Keil_v5\ARM\ARMCC\Bin\..\lib\armlib\m_ws.l(qnan.o)
         0          0          0          8          0          0   mbed/TARGET_ARCH_PRO/TOOLCHAIN_ARM_STD/mbed.ar(AnalogIn.o)
       304         52         16         12          0        380   mbed/TARGET_ARCH_PRO/TOOLCHAIN_ARM_STD/mbed.ar(FileBase.o)
        56          0         76          0          0        148   mbed/TARGET_ARCH_PRO/TOOLCHAIN_ARM_STD/mbed.ar(FileHandle.o)
       192         22         82          0          0        444   mbed/TARGET_ARCH_PRO/TOOLCHAIN_ARM_STD/mbed.ar(FilePath.o)
       242         48         24         12          0        368   mbed/TARGET_ARCH_PRO/TOOLCHAIN_ARM_STD/mbed.ar(I2C.o)
        90         10        140          0          0        496   mbed/TARGET_ARCH_PRO/TOOLCHAIN_ARM_STD/mbed.ar(Serial.o)
       494         22         24          0          0        612   mbed/TARGET_ARCH_PRO/TOOLCHAIN_ARM_STD/mbed.ar(SerialBase.o)
       224         50        108          0          0        644   mbed/TARGET_ARCH_PRO/TOOLCHAIN_ARM_STD/mbed.ar(Stream.o)
       228          6         20          0          0        260   mbed/TARGET_ARCH_PRO/TOOLCHAIN_ARM_STD/mbed.ar(Ticker.o)
       110         16         20          0          0        364   mbed/TARGET_ARCH_PRO/TOOLCHAIN_ARM_STD/mbed.ar(TimerEvent.o)
        84         52          0          0          0         88   mbed/TARGET_ARCH_PRO/TOOLCHAIN_ARM_STD/mbed.ar(mbed_assert.o)
       168         66         85          4          0        280   mbed/TARGET_ARCH_PRO/TOOLCHAIN_ARM_STD/mbed.ar(mbed_critical.o)
       112         44         92          2          0        144   mbed/TARGET_ARCH_PRO/TOOLCHAIN_ARM_STD/mbed.ar(mbed_critical_section_api.o)
        40          4          0          1          0         88   mbed/TARGET_ARCH_PRO/TOOLCHAIN_ARM_STD/mbed.ar(mbed_error.o)
       216         36          0          0          0        268   mbed/TARGET_ARCH_PRO/TOOLCHAIN_ARM_STD/mbed.ar(mbed_gpio.o)
       274         78          0          0          0        308   mbed/TARGET_ARCH_PRO/TOOLCHAIN_ARM_STD/mbed.ar(mbed_pinmap_common.o)
       180         98          0          2          0        160   mbed/TARGET_ARCH_PRO/TOOLCHAIN_ARM_STD/mbed.ar(mbed_sleep_manager.o)
      1038         26         82          0          0        816   mbed/TARGET_ARCH_PRO/TOOLCHAIN_ARM_STD/mbed.ar(mbed_ticker_api.o)
        32         14         36          4         64        136   mbed/TARGET_ARCH_PRO/TOOLCHAIN_ARM_STD/mbed.ar(mbed_us_ticker_api.o)
       110          4          0          0          0        240   mbed/TARGET_ARCH_PRO/TOOLCHAIN_ARM_STD/mbed.ar(mbed_wait_api_no_rtos.o)

    ----------------------------------------------------------------------
     18242       1396       1436         68        344      16080   Library Totals
        56          0         16          7          0          0   (incl. Padding)

    ----------------------------------------------------------------------

      Code (inc. data)   RO Data    RW Data    ZI Data      Debug   Library Name

      9560        488        551         16        280       6872   C:\Keil_v5\ARM\ARMCC\Bin\..\lib\armlib\c_w.l
        76          0          0          0          0        236   C:\Keil_v5\ARM\ARMCC\Bin\..\lib\cpplib\cpprt_w.l
      3252        204          0          0          0       2104   C:\Keil_v5\ARM\ARMCC\Bin\..\lib\armlib\fz_ws.l
      1104         56         64          0          0        624   C:\Keil_v5\ARM\ARMCC\Bin\..\lib\armlib\m_ws.l
      4194        648        805         45         64       6244   mbed/TARGET_ARCH_PRO/TOOLCHAIN_ARM_STD/mbed.ar

    ----------------------------------------------------------------------
     18242       1396       1436         68        344      16080   Library Totals

    ----------------------------------------------------------------------

==============================================================================


      Code (inc. data)   RO Data    RW Data    ZI Data      Debug   

     25504       2404       3240        216       1136      86277   Grand Totals
     25504       2404       3240        216       1136      86277   ELF Image Totals
     25504       2404       3240        216          0          0   ROM Totals

==============================================================================

    Total RO  Size (Code + RO Data)                28744 (  28.07kB)
    Total RW  Size (RW Data + ZI Data)              1352 (   1.32kB)
    Total ROM Size (Code + RO Data + RW Data)      28960 (  28.28kB)

==============================================================================

